Archive member included because of file (symbol)

c:/altera/13.0sp1/nios2eds/bin/gnu/h-i686-mingw32/bin/../lib/gcc/nios2-elf/4.1.2/../../../../nios2-elf/lib/mno-hw-mul\libc.a(lib_a-malloc.o)
                              obj/default/main.o (malloc)
c:/altera/13.0sp1/nios2eds/bin/gnu/h-i686-mingw32/bin/../lib/gcc/nios2-elf/4.1.2/../../../../nios2-elf/lib/mno-hw-mul\libc.a(lib_a-mallocr.o)
                              c:/altera/13.0sp1/nios2eds/bin/gnu/h-i686-mingw32/bin/../lib/gcc/nios2-elf/4.1.2/../../../../nios2-elf/lib/mno-hw-mul\libc.a(lib_a-malloc.o) (_malloc_r)
c:/altera/13.0sp1/nios2eds/bin/gnu/h-i686-mingw32/bin/../lib/gcc/nios2-elf/4.1.2/../../../../nios2-elf/lib/mno-hw-mul\libc.a(lib_a-puts.o)
                              obj/default/main.o (puts)
c:/altera/13.0sp1/nios2eds/bin/gnu/h-i686-mingw32/bin/../lib/gcc/nios2-elf/4.1.2/../../../../nios2-elf/lib/mno-hw-mul\libc.a(lib_a-sbrkr.o)
                              c:/altera/13.0sp1/nios2eds/bin/gnu/h-i686-mingw32/bin/../lib/gcc/nios2-elf/4.1.2/../../../../nios2-elf/lib/mno-hw-mul\libc.a(lib_a-mallocr.o) (_sbrk_r)
c:/altera/13.0sp1/nios2eds/bin/gnu/h-i686-mingw32/bin/../lib/gcc/nios2-elf/4.1.2/../../../../nios2-elf/lib/mno-hw-mul\libc.a(lib_a-strlen.o)
                              c:/altera/13.0sp1/nios2eds/bin/gnu/h-i686-mingw32/bin/../lib/gcc/nios2-elf/4.1.2/../../../../nios2-elf/lib/mno-hw-mul\libc.a(lib_a-puts.o) (strlen)
c:/altera/13.0sp1/nios2eds/bin/gnu/h-i686-mingw32/bin/../lib/gcc/nios2-elf/4.1.2/../../../../nios2-elf/lib/mno-hw-mul\libc.a(lib_a-freer.o)
                              c:/altera/13.0sp1/nios2eds/bin/gnu/h-i686-mingw32/bin/../lib/gcc/nios2-elf/4.1.2/../../../../nios2-elf/lib/mno-hw-mul\libc.a(lib_a-malloc.o) (_free_r)
c:/altera/13.0sp1/nios2eds/bin/gnu/h-i686-mingw32/bin/../lib/gcc/nios2-elf/4.1.2/../../../../nios2-elf/lib/mno-hw-mul\libc.a(lib_a-fvwrite.o)
                              c:/altera/13.0sp1/nios2eds/bin/gnu/h-i686-mingw32/bin/../lib/gcc/nios2-elf/4.1.2/../../../../nios2-elf/lib/mno-hw-mul\libc.a(lib_a-puts.o) (__sfvwrite_r)
c:/altera/13.0sp1/nios2eds/bin/gnu/h-i686-mingw32/bin/../lib/gcc/nios2-elf/4.1.2/../../../../nios2-elf/lib/mno-hw-mul\libc.a(lib_a-impure.o)
                              c:/altera/13.0sp1/nios2eds/bin/gnu/h-i686-mingw32/bin/../lib/gcc/nios2-elf/4.1.2/../../../../nios2-elf/lib/mno-hw-mul\libc.a(lib_a-malloc.o) (_impure_ptr)
c:/altera/13.0sp1/nios2eds/bin/gnu/h-i686-mingw32/bin/../lib/gcc/nios2-elf/4.1.2/../../../../nios2-elf/lib/mno-hw-mul\libc.a(lib_a-int_errno.o)
                              c:/altera/13.0sp1/nios2eds/bin/gnu/h-i686-mingw32/bin/../lib/gcc/nios2-elf/4.1.2/../../../../nios2-elf/lib/mno-hw-mul\libc.a(lib_a-sbrkr.o) (errno)
c:/altera/13.0sp1/nios2eds/bin/gnu/h-i686-mingw32/bin/../lib/gcc/nios2-elf/4.1.2/../../../../nios2-elf/lib/mno-hw-mul\libc.a(lib_a-memchr.o)
                              c:/altera/13.0sp1/nios2eds/bin/gnu/h-i686-mingw32/bin/../lib/gcc/nios2-elf/4.1.2/../../../../nios2-elf/lib/mno-hw-mul\libc.a(lib_a-fvwrite.o) (memchr)
c:/altera/13.0sp1/nios2eds/bin/gnu/h-i686-mingw32/bin/../lib/gcc/nios2-elf/4.1.2/../../../../nios2-elf/lib/mno-hw-mul\libc.a(lib_a-memcpy.o)
                              c:/altera/13.0sp1/nios2eds/bin/gnu/h-i686-mingw32/bin/../lib/gcc/nios2-elf/4.1.2/../../../../nios2-elf/lib/mno-hw-mul\libc.a(lib_a-fvwrite.o) (memcpy)
c:/altera/13.0sp1/nios2eds/bin/gnu/h-i686-mingw32/bin/../lib/gcc/nios2-elf/4.1.2/../../../../nios2-elf/lib/mno-hw-mul\libc.a(lib_a-memmove.o)
                              c:/altera/13.0sp1/nios2eds/bin/gnu/h-i686-mingw32/bin/../lib/gcc/nios2-elf/4.1.2/../../../../nios2-elf/lib/mno-hw-mul\libc.a(lib_a-fvwrite.o) (memmove)
c:/altera/13.0sp1/nios2eds/bin/gnu/h-i686-mingw32/bin/../lib/gcc/nios2-elf/4.1.2/../../../../nios2-elf/lib/mno-hw-mul\libc.a(lib_a-reallocr.o)
                              c:/altera/13.0sp1/nios2eds/bin/gnu/h-i686-mingw32/bin/../lib/gcc/nios2-elf/4.1.2/../../../../nios2-elf/lib/mno-hw-mul\libc.a(lib_a-fvwrite.o) (_realloc_r)
c:/altera/13.0sp1/nios2eds/bin/gnu/h-i686-mingw32/bin/../lib/gcc/nios2-elf/4.1.2/../../../../nios2-elf/lib/mno-hw-mul\libc.a(lib_a-wsetup.o)
                              c:/altera/13.0sp1/nios2eds/bin/gnu/h-i686-mingw32/bin/../lib/gcc/nios2-elf/4.1.2/../../../../nios2-elf/lib/mno-hw-mul\libc.a(lib_a-fvwrite.o) (__swsetup_r)
c:/altera/13.0sp1/nios2eds/bin/gnu/h-i686-mingw32/bin/../lib/gcc/nios2-elf/4.1.2/../../../../nios2-elf/lib/mno-hw-mul\libc.a(lib_a-fflush.o)
                              c:/altera/13.0sp1/nios2eds/bin/gnu/h-i686-mingw32/bin/../lib/gcc/nios2-elf/4.1.2/../../../../nios2-elf/lib/mno-hw-mul\libc.a(lib_a-fvwrite.o) (_fflush_r)
c:/altera/13.0sp1/nios2eds/bin/gnu/h-i686-mingw32/bin/../lib/gcc/nios2-elf/4.1.2/../../../../nios2-elf/lib/mno-hw-mul\libc.a(lib_a-findfp.o)
[...]
Memory Configuration

Name             Origin             Length             Attributes
reset            0x00010000         0x00000020
onchip_memory2_0 0x00010020         0x0000c330
*default*        0x00000000         0xffffffff

Linker script and memory map

LOAD ../vectadd_bsp//obj/HAL/src/crt0.o
LOAD obj/default/main.o
LOAD c:/altera/13.0sp1/nios2eds/bin/gnu/h-i686-mingw32/bin/../lib/gcc/nios2-elf/4.1.2/../../../../nios2-elf/lib/mno-hw-mul\libstdc++.a
LOAD c:/altera/13.0sp1/nios2eds/bin/gnu/h-i686-mingw32/bin/../lib/gcc/nios2-elf/4.1.2/../../../../nios2-elf/lib/mno-hw-mul\libm.a
LOAD c:/altera/13.0sp1/nios2eds/bin/gnu/h-i686-mingw32/bin/../lib/gcc/nios2-elf/4.1.2/mno-hw-mul\libgcc.a
START GROUP
LOAD c:/altera/13.0sp1/nios2eds/bin/gnu/h-i686-mingw32/bin/../lib/gcc/nios2-elf/4.1.2/../../../../nios2-elf/lib/mno-hw-mul\libc.a
LOAD c:/altera/13.0sp1/nios2eds/bin/gnu/h-i686-mingw32/bin/../lib/gcc/nios2-elf/4.1.2/mno-hw-mul\libgcc.a
LOAD ../vectadd_bsp/\libhal_bsp.a
END GROUP
LOAD c:/altera/13.0sp1/nios2eds/bin/gnu/h-i686-mingw32/bin/../lib/gcc/nios2-elf/4.1.2/mno-hw-mul\libgcc.a
                0x00010000                __alt_mem_onchip_memory2_0 = 0x10000

.entry          0x00010000       0x20
 *(.entry)
 .entry         0x00010000       0x20 ../vectadd_bsp//obj/HAL/src/crt0.o
                0x00010000                __reset

.exceptions     0x00010020      0x194
                0x00010020                PROVIDE (__ram_exceptions_start, ABSOLUTE (.))
                0x00010020                . = ALIGN (0x20)
 *(.irq)
 *(.exceptions.entry.label)
 .exceptions.entry.label
                0x00010020        0x0 ../vectadd_bsp/\libhal_bsp.a(alt_irq_entry.o)
                0x00010020                alt_irq_entry
 .exceptions.entry.label
                0x00010020        0x0 ../vectadd_bsp/\libhal_bsp.a(alt_exception_entry.o)
                0x00010020                alt_exception
 *(.exceptions.entry.user)
 *(.exceptions.entry)
 .exceptions.entry
                0x00010020       0x54 ../vectadd_bsp/\libhal_bsp.a(alt_exception_entry.o)
 *(.exceptions.irqtest.user)
 *(.exceptions.irqtest)
 .exceptions.irqtest
                0x00010074       0x10 ../vectadd_bsp/\libhal_bsp.a(alt_irq_entry.o)
 *(.exceptions.irqhandler.user)
 *(.exceptions.irqhandler)
 .exceptions.irqhandler
                0x00010084        0x4 ../vectadd_bsp/\libhal_bsp.a(alt_irq_entry.o)
 *(.exceptions.irqreturn.user)
 *(.exceptions.irqreturn)
 .exceptions.irqreturn
                0x00010088        0x4 ../vectadd_bsp/\libhal_bsp.a(alt_irq_entry.o)
 *(.exceptions.notirq.label)
 .exceptions.notirq.label
                0x0001008c        0x0 ../vectadd_bsp/\libhal_bsp.a(alt_irq_entry.o)
 *(.exceptions.notirq.user)
 *(.exceptions.notirq)
 .exceptions.notirq
                0x0001008c        0x8 ../vectadd_bsp/\libhal_bsp.a(alt_exception_entry.o)
 *(.exceptions.soft.user)
 *(.exceptions.soft)
 *(.exceptions.unknown.user)
 *(.exceptions.unknown)
 .exceptions.unknown
                0x00010094        0x4 ../vectadd_bsp/\libhal_bsp.a(alt_exception_entry.o)
 *(.exceptions.exit.label)
 .exceptions.exit.label
                0x00010098        0x0 ../vectadd_bsp/\libhal_bsp.a(alt_irq_entry.o)
 .exceptions.exit.label
                0x00010098        0x0 ../vectadd_bsp/\libhal_bsp.a(alt_exception_entry.o)
 *(.exceptions.exit.user)
 *(.exceptions.exit)
 .exceptions.exit
                0x00010098       0x54 ../vectadd_bsp/\libhal_bsp.a(alt_exception_entry.o)
 *(.exceptions)
 .exceptions    0x000100ec       0xc8 ../vectadd_bsp/\libhal_bsp.a(alt_irq_handler.o)
                0x000100ec                alt_irq_handler
                0x000101b4                PROVIDE (__ram_exceptions_end, ABSOLUTE (.))
                0x00010020                PROVIDE (__flash_exceptions_start, LOADADDR (.exceptions))

.text           0x000101b4     0x56c4
                0x000101b4                PROVIDE (stext, ABSOLUTE (.))
 *(.interp)
 *(.hash)
 *(.dynsym)
 *(.dynstr)
 *(.gnu.version)
 *(.gnu.version_d)
 *(.gnu.version_r)
 *(.rel.init)
 *(.rela.init)
 *(.rel.text .rel.text.* .rel.gnu.linkonce.t.*)
 *(.rela.text .rela.text.* .rela.gnu.linkonce.t.*)
 *(.rel.fini)
 *(.rela.fini)
 *(.rel.rodata .rel.rodata.* .rel.gnu.linkonce.r.*)
 *(.rela.rodata .rela.rodata.* .rela.gnu.linkonce.r.*)
 *(.rel.data .rel.data.* .rel.gnu.linkonce.d.*)
 *(.rela.data .rela.data.* .rela.gnu.linkonce.d.*)
 *(.rel.tdata .rel.tdata.* .rel.gnu.linkonce.td.*)
 *(.rela.tdata .rela.tdata.* .rela.gnu.linkonce.td.*)
 *(.rel.tbss .rel.tbss.* .rel.gnu.linkonce.tb.*)
 *(.rela.tbss .rela.tbss.* .rela.gnu.linkonce.tb.*)
 *(.rel.ctors)
 *(.rela.ctors)
 *(.rel.dtors)
 *(.rela.dtors)
 *(.rel.got)
 *(.rela.got)
 *(.rel.sdata .rel.sdata.* .rel.gnu.linkonce.s.*)
 *(.rela.sdata .rela.sdata.* .rela.gnu.linkonce.s.*)
 *(.rel.sbss .rel.sbss.* .rel.gnu.linkonce.sb.*)
 *(.rela.sbss .rela.sbss.* .rela.gnu.linkonce.sb.*)
 *(.rel.sdata2 .rel.sdata2.* .rel.gnu.linkonce.s2.*)
 *(.rela.sdata2 .rela.sdata2.* .rela.gnu.linkonce.s2.*)
 *(.rel.sbss2 .rel.sbss2.* .rel.gnu.linkonce.sb2.*)
 *(.rela.sbss2 .rela.sbss2.* .rela.gnu.linkonce.sb2.*)
 *(.rel.bss .rel.bss.* .rel.gnu.linkonce.b.*)
 *(.rela.bss .rela.bss.* .rela.gnu.linkonce.b.*)
 *(.rel.plt)
 *(.rela.plt)
 *(.rel.dyn)
 *(.init)
 *(.plt)
 *(.text .stub .text.* .gnu.linkonce.t.*)
 .text          0x000101b4       0x3c ../vectadd_bsp//obj/HAL/src/crt0.o
                0x000101b4                _start
 .text          0x000101f0      0x3bc obj/default/main.o
                0x000101f0                vectorAdd
                0x000104a8                main
 .text          0x000105ac       0x28 c:/altera/13.0sp1/nios2eds/bin/gnu/h-i686-mingw32/bin/../lib/gcc/nios2-elf/4.1.2/../../../../nios2-elf/lib/mno-hw-mul\libc.a(lib_a-malloc.o)
                0x000105ac                free
                0x000105c0                malloc
 .text          0x000105d4      0x740 c:/altera/13.0sp1/nios2eds/bin/gnu/h-i686-mingw32/bin/../lib/gcc/nios2-elf/4.1.2/../../../../nios2-elf/lib/mno-hw-mul\libc.a(lib_a-mallocr.o)
                0x000105d4                _malloc_r
 .text          0x00010d14       0xb4 c:/altera/13.0sp1/nios2eds/bin/gnu/h-i686-mingw32/bin/../lib/gcc/nios2-elf/4.1.2/../../../../nios2-elf/lib/mno-hw-mul\libc.a(lib_a-puts.o)
                0x00010d14                _puts_r
                0x00010db4                puts
 .text          0x00010dc8       0x70 c:/altera/13.0sp1/nios2eds/bin/gnu/h-i686-mingw32/bin/../lib/gcc/nios2-elf/4.1.2/../../../../nios2-elf/lib/mno-hw-mul\libc.a(lib_a-sbrkr.o)
                0x00010dc8                _sbrk_r
 .text          0x00010e38       0x74 c:/altera/13.0sp1/nios2eds/bin/gnu/h-i686-mingw32/bin/../lib/gcc/nios2-elf/4.1.2/../../../../nios2-elf/lib/mno-hw-mul\libc.a(lib_a-strlen.o)
                0x00010e38                strlen
 .text          0x00010eac      0x440 c:/altera/13.0sp1/nios2eds/bin/gnu/h-i686-mingw32/bin/../lib/gcc/nios2-elf/4.1.2/../../../../nios2-elf/lib/mno-hw-mul\libc.a(lib_a-freer.o)
                0x00010eac                _malloc_trim_r
                0x00010fd8                _free_r
 .text          0x000112ec      0x49c c:/altera/13.0sp1/nios2eds/bin/gnu/h-i686-mingw32/bin/../lib/gcc/nios2-elf/4.1.2/../../../../nios2-elf/lib/mno-hw-mul\libc.a(lib_a-fvwrite.o)
                0x000112ec                __sfvwrite_r
 .text          0x00011788        0x0 c:/altera/13.0sp1/nios2eds/bin/gnu/h-i686-mingw32/bin/../lib/gcc/nios2-elf/4.1.2/../../../../nios2-elf/lib/mno-hw-mul\libc.a(lib_a-impure.o)
 .text          0x00011788        0x0 c:/altera/13.0sp1/nios2eds/bin/gnu/h-i686-mingw32/bin/../lib/gcc/nios2-elf/4.1.2/../../../../nios2-elf/lib/mno-hw-mul\libc.a(lib_a-int_errno.o)
 .text          0x00011788       0xe4 c:/altera/13.0sp1/nios2eds/bin/gnu/h-i686-mingw32/bin/../lib/gcc/nios2-elf/4.1.2/../../../../nios2-elf/lib/mno-hw-mul\libc.a(lib_a-memchr.o)
                0x00011788                memchr
 .text          0x0001186c       0xa0 c:/altera/13.0sp1/nios2eds/bin/gnu/h-i686-mingw32/bin/../lib/gcc/nios2-elf/4.1.2/../../../../nios2-elf/lib/mno-hw-mul\libc.a(lib_a-memcpy.o)
                0x0001186c                memcpy
 .text          0x0001190c       0xe0 c:/altera/13.0sp1/nios2eds/bin/gnu/h-i686-mingw32/bin/../lib/gcc/nios2-elf/4.1.2/../../../../nios2-elf/lib/mno-hw-mul\libc.a(lib_a-memmove.o)
                0x0001190c                memmove
 .text          0x000119ec      0x5f4 c:/altera/13.0sp1/nios2eds/bin/gnu/h-i686-mingw32/bin/../lib/gcc/nios2-elf/4.1.2/../../../../nios2-elf/lib/mno-hw-mul\libc.a(lib_a-reallocr.o)
                0x000119ec                _realloc_r
 .text          0x00011fe0      0x13c c:/altera/13.0sp1/nios2eds/bin/gnu/h-i686-mingw32/bin/../lib/gcc/nios2-elf/4.1.2/../../../../nios2-elf/lib/mno-hw-mul\libc.a(lib_a-wsetup.o)
                0x00011fe0                __swsetup_r
 .text          0x0001211c      0x230 c:/altera/13.0sp1/nios2eds/bin/gnu/h-i686-mingw32/bin/../lib/gcc/nios2-elf/4.1.2/../../../../nios2-elf/lib/mno-hw-mul\libc.a(lib_a-fflush.o)
                0x0001211c                _fflush_r
                0x00012318                fflush
 .text          0x0001234c      0x2f4 c:/altera/13.0sp1/nios2eds/bin/gnu/h-i686-mingw32/bin/../lib/gcc/nios2-elf/4.1.2/../../../../nios2-elf/lib/mno-hw-mul\libc.a(lib_a-findfp.o)
                0x000123a4                __sfp_lock_acquire
                0x000123a8                __sfp_lock_release
                0x000123ac                __sinit_lock_acquire
                0x000123b0                __sinit_lock_release
                0x000123b4                __sinit
                0x00012468                __fp_unlock_all
                0x00012480                __fp_lock_all
                0x00012498                _cleanup_r
                0x000124a4                _cleanup
                0x000124b4                __sfmoreglue
                0x00012550                __sfp
 .text          0x00012640      0x180 c:/altera/13.0sp1/nios2eds/bin/gnu/h-i686-mingw32/bin/../lib/gcc/nios2-elf/4.1.2/../../../../nios2-elf/lib/mno-hw-mul\libc.a(lib_a-fwalk.o)
                0x00012640                _fwalk_reent
                0x00012708                _fwalk
 .text          0x000127c0      0x194 c:/altera/13.0sp1/nios2eds/bin/gnu/h-i686-mingw32/bin/../lib/gcc/nios2-elf/4.1.2/../../../../nios2-elf/lib/mno-hw-mul\libc.a(lib_a-makebuf.o)
                0x000127c0                __smakebuf_r
 .text          0x00012954       0x98 c:/altera/13.0sp1/nios2eds/bin/gnu/h-i686-mingw32/bin/../lib/gcc/nios2-elf/4.1.2/../../../../nios2-elf/lib/mno-hw-mul\libc.a(lib_a-memset.o)
                0x00012954                memset
 .text          0x000129ec      0x14c c:/altera/13.0sp1/nios2eds/bin/gnu/h-i686-mingw32/bin/../lib/gcc/nios2-elf/4.1.2/../../../../nios2-elf/lib/mno-hw-mul\libc.a(lib_a-stdio.o)
                0x000129ec                __sclose
                0x000129f4                __sseek
                0x00012a5c                __swrite
                0x00012ad8                __sread
 .text          0x00012b38       0x78 c:/altera/13.0sp1/nios2eds/bin/gnu/h-i686-mingw32/bin/../lib/gcc/nios2-elf/4.1.2/../../../../nios2-elf/lib/mno-hw-mul\libc.a(lib_a-writer.o)
                0x00012b38                _write_r
 .text          0x00012bb0       0x70 c:/altera/13.0sp1/nios2eds/bin/gnu/h-i686-mingw32/bin/../lib/gcc/nios2-elf/4.1.2/../../../../nios2-elf/lib/mno-hw-mul\libc.a(lib_a-closer.o)
                0x00012bb0                _close_r
 .text          0x00012c20      0x124 c:/altera/13.0sp1/nios2eds/bin/gnu/h-i686-mingw32/bin/../lib/gcc/nios2-elf/4.1.2/../../../../nios2-elf/lib/mno-hw-mul\libc.a(lib_a-fclose.o)
                0x00012c20                _fclose_r
                0x00012d30                fclose
 .text          0x00012d44       0x74 c:/altera/13.0sp1/nios2eds/bin/gnu/h-i686-mingw32/bin/../lib/gcc/nios2-elf/4.1.2/../../../../nios2-elf/lib/mno-hw-mul\libc.a(lib_a-fstatr.o)
                0x00012d44                _fstat_r
 .text          0x00012db8       0x70 c:/altera/13.0sp1/nios2eds/bin/gnu/h-i686-mingw32/bin/../lib/gcc/nios2-elf/4.1.2/../../../../nios2-elf/lib/mno-hw-mul\libc.a(lib_a-isattyr.o)
                0x00012db8                _isatty_r
 .text          0x00012e28       0x78 c:/altera/13.0sp1/nios2eds/bin/gnu/h-i686-mingw32/bin/../lib/gcc/nios2-elf/4.1.2/../../../../nios2-elf/lib/mno-hw-mul\libc.a(lib_a-lseekr.o)
                0x00012e28                _lseek_r
 .text          0x00012ea0       0x78 c:/altera/13.0sp1/nios2eds/bin/gnu/h-i686-mingw32/bin/../lib/gcc/nios2-elf/4.1.2/../../../../nios2-elf/lib/mno-hw-mul\libc.a(lib_a-readr.o)
                0x00012ea0                _read_r
 .text          0x00012f18       0x38 c:/altera/13.0sp1/nios2eds/bin/gnu/h-i686-mingw32/bin/../lib/gcc/nios2-elf/4.1.2/mno-hw-mul\libgcc.a(lib2-mul.o)
                0x00012f18                __mulsi3
 .text          0x00012f50      0x160 ../vectadd_bsp/\libhal_bsp.a(alt_close.o)
                0x00012f50                close
 .text          0x000130b0       0x2c ../vectadd_bsp/\libhal_bsp.a(alt_dev.o)
 .text          0x000130dc        0x0 ../vectadd_bsp/\libhal_bsp.a(alt_errno.o)
 .text          0x000130dc      0x138 ../vectadd_bsp/\libhal_bsp.a(alt_fstat.o)
                0x000130dc                fstat
 .text          0x00013214      0x124 ../vectadd_bsp/\libhal_bsp.a(alt_isatty.o)
                0x00013214                isatty
 .text          0x00013338       0xec ../vectadd_bsp/\libhal_bsp.a(alt_load.o)
                0x00013338                alt_load
 .text          0x00013424      0x154 ../vectadd_bsp/\libhal_bsp.a(alt_lseek.o)
                0x00013424                lseek
 .text          0x00013578       0x6c ../vectadd_bsp/\libhal_bsp.a(alt_main.o)
                0x00013578                alt_main
 .text          0x000135e4       0x40 ../vectadd_bsp/\libhal_bsp.a(alt_malloc_lock.o)
                0x000135e4                __malloc_lock
                0x00013604                __malloc_unlock
 .text          0x00013624      0x184 ../vectadd_bsp/\libhal_bsp.a(alt_read.o)
                0x00013624                read
 .text          0x000137a8       0x78 ../vectadd_bsp/\libhal_bsp.a(alt_release_fd.o)
                0x000137a8                alt_release_fd
 .text          0x00013820       0xbc ../vectadd_bsp/\libhal_bsp.a(alt_sbrk.o)
                0x00013820                sbrk
 .text          0x000138dc      0x184 ../vectadd_bsp/\libhal_bsp.a(alt_write.o)
                0x000138dc                write
 .text          0x00013a60       0xb0 ../vectadd_bsp/\libhal_bsp.a(alt_sys_init.o)
                0x00013a60                alt_irq_init
                0x00013a94                alt_sys_init
 .text          0x00013b10      0x148 ../vectadd_bsp/\libhal_bsp.a(altera_avalon_jtag_uart_fd.o)
                0x00013b10                altera_avalon_jtag_uart_read_fd
                0x00013b68                altera_avalon_jtag_uart_write_fd
                0x00013bc0                altera_avalon_jtag_uart_close_fd
                0x00013c08                altera_avalon_jtag_uart_ioctl_fd
 .text          0x00013c58      0x40c ../vectadd_bsp/\libhal_bsp.a(altera_avalon_jtag_uart_init.o)
                0x00013c58                altera_avalon_jtag_uart_init
                0x00013ff0                altera_avalon_jtag_uart_close
 .text          0x00014064       0xf4 ../vectadd_bsp/\libhal_bsp.a(altera_avalon_jtag_uart_ioctl.o)
                0x00014064                altera_avalon_jtag_uart_ioctl
 .text          0x00014158      0x224 ../vectadd_bsp/\libhal_bsp.a(altera_avalon_jtag_uart_read.o)
                0x00014158                altera_avalon_jtag_uart_read
 .text          0x0001437c      0x240 ../vectadd_bsp/\libhal_bsp.a(altera_avalon_jtag_uart_write.o)
                0x0001437c                altera_avalon_jtag_uart_write
 .text          0x000145bc      0x154 ../vectadd_bsp/\libhal_bsp.a(alt_alarm_start.o)
                0x000145bc                alt_alarm_start
 .text          0x00014710       0x1c ../vectadd_bsp/\libhal_bsp.a(alt_dcache_flush_all.o)
                0x00014710                alt_dcache_flush_all
 .text          0x0001472c      0x114 ../vectadd_bsp/\libhal_bsp.a(alt_dev_llist_insert.o)
                0x0001472c                alt_dev_llist_insert
 .text          0x00014840       0x64 ../vectadd_bsp/\libhal_bsp.a(alt_do_ctors.o)
                0x00014840                _do_ctors
 .text          0x000148a4       0x64 ../vectadd_bsp/\libhal_bsp.a(alt_do_dtors.o)
                0x000148a4                _do_dtors
 .text          0x00014908       0x1c ../vectadd_bsp/\libhal_bsp.a(alt_icache_flush_all.o)
                0x00014908                alt_icache_flush_all
 .text          0x00014924      0x1d4 ../vectadd_bsp/\libhal_bsp.a(alt_iic.o)
                0x00014924                alt_ic_isr_register
                0x00014974                alt_ic_irq_enable
                0x00014a10                alt_ic_irq_disable
                0x00014ab0                alt_ic_irq_enabled
 .text          0x00014af8       0xf8 ../vectadd_bsp/\libhal_bsp.a(alt_iic_isr_register.o)
                0x00014af8                alt_iic_isr_register
 .text          0x00014bf0      0x150 ../vectadd_bsp/\libhal_bsp.a(alt_io_redirect.o)
                0x00014cc8                alt_io_redirect
 .text          0x00014d40        0x0 ../vectadd_bsp/\libhal_bsp.a(alt_irq_entry.o)
 .text          0x00014d40        0x0 ../vectadd_bsp/\libhal_bsp.a(alt_irq_handler.o)
 .text          0x00014d40        0x0 ../vectadd_bsp/\libhal_bsp.a(alt_irq_vars.o)
 .text          0x00014d40      0x2e4 ../vectadd_bsp/\libhal_bsp.a(alt_open.o)
                0x00014e38                open
 .text          0x00015024      0x1a4 ../vectadd_bsp/\libhal_bsp.a(alt_tick.o)
                0x00015024                alt_alarm_stop
                0x000150bc                alt_tick
 .text          0x000151c8       0x20 ../vectadd_bsp/\libhal_bsp.a(altera_nios2_qsys_irq.o)
                0x000151c8                altera_nios2_qsys_irq_init
 .text          0x000151e8        0x0 ../vectadd_bsp/\libhal_bsp.a(alt_exception_entry.o)
 .text          0x000151e8       0x94 ../vectadd_bsp/\libhal_bsp.a(alt_find_dev.o)
                0x000151e8                alt_find_dev
 .text          0x0001527c      0x120 ../vectadd_bsp/\libhal_bsp.a(alt_find_file.o)
                0x0001527c                alt_find_file
 .text          0x0001539c       0xd0 ../vectadd_bsp/\libhal_bsp.a(alt_get_fd.o)
                0x0001539c                alt_get_fd
 .text          0x0001546c       0x14 c:/altera/13.0sp1/nios2eds/bin/gnu/h-i686-mingw32/bin/../lib/gcc/nios2-elf/4.1.2/../../../../nios2-elf/lib/mno-hw-mul\libc.a(lib_a-atexit.o)
                0x0001546c                atexit
 .text          0x00015480       0x38 c:/altera/13.0sp1/nios2eds/bin/gnu/h-i686-mingw32/bin/../lib/gcc/nios2-elf/4.1.2/../../../../nios2-elf/lib/mno-hw-mul\libc.a(lib_a-exit.o)
                0x00015480                exit
 .text          0x000154b8       0x74 c:/altera/13.0sp1/nios2eds/bin/gnu/h-i686-mingw32/bin/../lib/gcc/nios2-elf/4.1.2/../../../../nios2-elf/lib/mno-hw-mul\libc.a(lib_a-memcmp.o)
                0x000154b8                memcmp
 .text          0x0001552c      0x134 c:/altera/13.0sp1/nios2eds/bin/gnu/h-i686-mingw32/bin/../lib/gcc/nios2-elf/4.1.2/../../../../nios2-elf/lib/mno-hw-mul\libc.a(lib_a-__atexit.o)
                0x0001552c                __register_exitproc
 .text          0x00015660      0x1b4 c:/altera/13.0sp1/nios2eds/bin/gnu/h-i686-mingw32/bin/../lib/gcc/nios2-elf/4.1.2/../../../../nios2-elf/lib/mno-hw-mul\libc.a(lib_a-__call_atexit.o)
                0x00015664                __call_exitprocs
 .text          0x00015814       0x60 ../vectadd_bsp/\libhal_bsp.a(alt_exit.o)
                0x00015854                _exit
 *(.gnu.warning.*)
 *(.fini)
                0x00015874                PROVIDE (__etext, ABSOLUTE (.))
                0x00015874                PROVIDE (_etext, ABSOLUTE (.))
                0x00015874                PROVIDE (etext, ABSOLUTE (.))
 *(.eh_frame_hdr)
                0x00015874                . = ALIGN (0x4)
                0x00015874                PROVIDE (__preinit_array_start, ABSOLUTE (.))
 *(.preinit_array)
                0x00015874                PROVIDE (__preinit_array_end, ABSOLUTE (.))
                0x00015874                PROVIDE (__init_array_start, ABSOLUTE (.))
 *(.init_array)
                0x00015874                PROVIDE (__init_array_end, ABSOLUTE (.))
                0x00015874                PROVIDE (__fini_array_start, ABSOLUTE (.))
 *(.fini_array)
                0x00015874                PROVIDE (__fini_array_end, ABSOLUTE (.))
 *(.eh_frame)
 *(.gcc_except_table)
 *(.dynamic)
                0x00015874                PROVIDE (__CTOR_LIST__, ABSOLUTE (.))
 *(.ctors)
 *(SORT(.ctors.*))
 .ctors.65535   0x00015874        0x4 c:/altera/13.0sp1/nios2eds/bin/gnu/h-i686-mingw32/bin/../lib/gcc/nios2-elf/4.1.2/../../../../nios2-elf/lib/mno-hw-mul\libc.a(lib_a-__call_atexit.o)
                0x00015878                PROVIDE (__CTOR_END__, ABSOLUTE (.))
                0x00015878                PROVIDE (__DTOR_LIST__, ABSOLUTE (.))
 *(.dtors)
 *(SORT(.dtors.*))
                0x00015878                PROVIDE (__DTOR_END__, ABSOLUTE (.))
 *(.jcr)
                0x00015878                . = ALIGN (0x4)

.rodata         0x00015878      0x11c
                0x00015878                PROVIDE (__ram_rodata_start, ABSOLUTE (.))
                0x00015878                . = ALIGN (0x4)
 *(.rodata .rodata.* .gnu.linkonce.r.*)
 .rodata        0x00015878       0xe0 obj/default/main.o
 .rodata.str1.4
                0x00015958        0x2 c:/altera/13.0sp1/nios2eds/bin/gnu/h-i686-mingw32/bin/../lib/gcc/nios2-elf/4.1.2/../../../../nios2-elf/lib/mno-hw-mul\libc.a(lib_a-puts.o)
                                  0x4 (size before relaxing)
 *fill*         0x0001595a        0x2 00
 .rodata.str1.4
                0x0001595c        0x4 c:/altera/13.0sp1/nios2eds/bin/gnu/h-i686-mingw32/bin/../lib/gcc/nios2-elf/4.1.2/../../../../nios2-elf/lib/mno-hw-mul\libc.a(lib_a-impure.o)
 .rodata        0x00015960        0xc ../vectadd_bsp/\libhal_bsp.a(alt_dev.o)
 .rodata        0x0001596c       0x14 ../vectadd_bsp/\libhal_bsp.a(alt_main.o)
 .rodata        0x00015980       0x14 ../vectadd_bsp/\libhal_bsp.a(alt_sys_init.o)
 *(.rodata1)
                0x00015994                . = ALIGN (0x4)
                0x00015994                PROVIDE (__ram_rodata_end, ABSOLUTE (.))
                0x00015878                PROVIDE (__flash_rodata_start, LOADADDR (.rodata))

.rwdata         0x00015994     0x1a48 load address 0x000173dc
                0x00015994                PROVIDE (__ram_rwdata_start, ABSOLUTE (.))
                0x00015994                . = ALIGN (0x4)
 *(.got.plt)
 *(.got)
 *(.data1)
 *(.data .data.* .gnu.linkonce.d.*)
 .data          0x00015994        0x0 ../vectadd_bsp//obj/HAL/src/crt0.o
 .data          0x00015994        0x0 obj/default/main.o
 .data          0x00015994        0x0 c:/altera/13.0sp1/nios2eds/bin/gnu/h-i686-mingw32/bin/../lib/gcc/nios2-elf/4.1.2/../../../../nios2-elf/lib/mno-hw-mul\libc.a(lib_a-malloc.o)
 .data          0x00015994      0x408 c:/altera/13.0sp1/nios2eds/bin/gnu/h-i686-mingw32/bin/../lib/gcc/nios2-elf/4.1.2/../../../../nios2-elf/lib/mno-hw-mul\libc.a(lib_a-mallocr.o)
                0x00015994                __malloc_av_
 .data          0x00015d9c        0x0 c:/altera/13.0sp1/nios2eds/bin/gnu/h-i686-mingw32/bin/../lib/gcc/nios2-elf/4.1.2/../../../../nios2-elf/lib/mno-hw-mul\libc.a(lib_a-puts.o)
 .data          0x00015d9c        0x0 c:/altera/13.0sp1/nios2eds/bin/gnu/h-i686-mingw32/bin/../lib/gcc/nios2-elf/4.1.2/../../../../nios2-elf/lib/mno-hw-mul\libc.a(lib_a-sbrkr.o)
 .data          0x00015d9c        0x0 c:/altera/13.0sp1/nios2eds/bin/gnu/h-i686-mingw32/bin/../lib/gcc/nios2-elf/4.1.2/../../../../nios2-elf/lib/mno-hw-mul\libc.a(lib_a-strlen.o)
 .data          0x00015d9c        0x0 c:/altera/13.0sp1/nios2eds/bin/gnu/h-i686-mingw32/bin/../lib/gcc/nios2-elf/4.1.2/../../../../nios2-elf/lib/mno-hw-mul\libc.a(lib_a-freer.o)
 .data          0x00015d9c        0x0 c:/altera/13.0sp1/nios2eds/bin/gnu/h-i686-mingw32/bin/../lib/gcc/nios2-elf/4.1.2/../../../../nios2-elf/lib/mno-hw-mul\libc.a(lib_a-fvwrite.o)
 .data          0x00015d9c      0x400 c:/altera/13.0sp1/nios2eds/bin/gnu/h-i686-mingw32/bin/../lib/gcc/nios2-elf/4.1.2/../../../../nios2-elf/lib/mno-hw-mul\libc.a(lib_a-impure.o)
 .data          0x0001619c        0x0 c:/altera/13.0sp1/nios2eds/bin/gnu/h-i686-mingw32/bin/../lib/gcc/nios2-elf/4.1.2/../../../../nios2-elf/lib/mno-hw-mul\libc.a(lib_a-int_errno.o)
 .data          0x0001619c        0x0 c:/altera/13.0sp1/nios2eds/bin/gnu/h-i686-mingw32/bin/../lib/gcc/nios2-elf/4.1.2/../../../../nios2-elf/lib/mno-hw-mul\libc.a(lib_a-memchr.o)
 .data          0x0001619c        0x0 c:/altera/13.0sp1/nios2eds/bin/gnu/h-i686-mingw32/bin/../lib/gcc/nios2-elf/4.1.2/../../../../nios2-elf/lib/mno-hw-mul\libc.a(lib_a-memcpy.o)
 .data          0x0001619c        0x0 c:/altera/13.0sp1/nios2eds/bin/gnu/h-i686-mingw32/bin/../lib/gcc/nios2-elf/4.1.2/../../../../nios2-elf/lib/mno-hw-mul\libc.a(lib_a-memmove.o)
 .data          0x0001619c        0x0 c:/altera/13.0sp1/nios2eds/bin/gnu/h-i686-mingw32/bin/../lib/gcc/nios2-elf/4.1.2/../../../../nios2-elf/lib/mno-hw-mul\libc.a(lib_a-reallocr.o)
 .data          0x0001619c        0x0 c:/altera/13.0sp1/nios2eds/bin/gnu/h-i686-mingw32/bin/../lib/gcc/nios2-elf/4.1.2/../../../../nios2-elf/lib/mno-hw-mul\libc.a(lib_a-wsetup.o)
 .data          0x0001619c        0x0 c:/altera/13.0sp1/nios2eds/bin/gnu/h-i686-mingw32/bin/../lib/gcc/nios2-elf/4.1.2/../../../../nios2-elf/lib/mno-hw-mul\libc.a(lib_a-fflush.o)
 .data          0x0001619c        0x0 c:/altera/13.0sp1/nios2eds/bin/gnu/h-i686-mingw32/bin/../lib/gcc/nios2-elf/4.1.2/../../../../nios2-elf/lib/mno-hw-mul\libc.a(lib_a-findfp.o)
 .data          0x0001619c        0x0 c:/altera/13.0sp1/nios2eds/bin/gnu/h-i686-mingw32/bin/../lib/gcc/nios2-elf/4.1.2/../../../../nios2-elf/lib/mno-hw-mul\libc.a(lib_a-fwalk.o)
 .data          0x0001619c        0x0 c:/altera/13.0sp1/nios2eds/bin/gnu/h-i686-mingw32/bin/../lib/gcc/nios2-elf/4.1.2/../../../../nios2-elf/lib/mno-hw-mul\libc.a(lib_a-makebuf.o)
 .data          0x0001619c        0x0 c:/altera/13.0sp1/nios2eds/bin/gnu/h-i686-mingw32/bin/../lib/gcc/nios2-elf/4.1.2/../../../../nios2-elf/lib/mno-hw-mul\libc.a(lib_a-memset.o)
 .data          0x0001619c        0x0 c:/altera/13.0sp1/nios2eds/bin/gnu/h-i686-mingw32/bin/../lib/gcc/nios2-elf/4.1.2/../../../../nios2-elf/lib/mno-hw-mul\libc.a(lib_a-stdio.o)
 .data          0x0001619c        0x0 c:/altera/13.0sp1/nios2eds/bin/gnu/h-i686-mingw32/bin/../lib/gcc/nios2-elf/4.1.2/../../../../nios2-elf/lib/mno-hw-mul\libc.a(lib_a-writer.o)
 .data          0x0001619c        0x0 c:/altera/13.0sp1/nios2eds/bin/gnu/h-i686-mingw32/bin/../lib/gcc/nios2-elf/4.1.2/../../../../nios2-elf/lib/mno-hw-mul\libc.a(lib_a-closer.o)
 .data          0x0001619c        0x0 c:/altera/13.0sp1/nios2eds/bin/gnu/h-i686-mingw32/bin/../lib/gcc/nios2-elf/4.1.2/../../../../nios2-elf/lib/mno-hw-mul\libc.a(lib_a-fclose.o)
 .data          0x0001619c        0x0 c:/altera/13.0sp1/nios2eds/bin/gnu/h-i686-mingw32/bin/../lib/gcc/nios2-elf/4.1.2/../../../../nios2-elf/lib/mno-hw-mul\libc.a(lib_a-fstatr.o)
 .data          0x0001619c        0x0 c:/altera/13.0sp1/nios2eds/bin/gnu/h-i686-mingw32/bin/../lib/gcc/nios2-elf/4.1.2/../../../../nios2-elf/lib/mno-hw-mul\libc.a(lib_a-isattyr.o)
 .data          0x0001619c        0x0 c:/altera/13.0sp1/nios2eds/bin/gnu/h-i686-mingw32/bin/../lib/gcc/nios2-elf/4.1.2/../../../../nios2-elf/lib/mno-hw-mul\libc.a(lib_a-lseekr.o)
 .data          0x0001619c        0x0 c:/altera/13.0sp1/nios2eds/bin/gnu/h-i686-mingw32/bin/../lib/gcc/nios2-elf/4.1.2/../../../../nios2-elf/lib/mno-hw-mul\libc.a(lib_a-readr.o)
 .data          0x0001619c        0x0 c:/altera/13.0sp1/nios2eds/bin/gnu/h-i686-mingw32/bin/../lib/gcc/nios2-elf/4.1.2/mno-hw-mul\libgcc.a(lib2-mul.o)
 .data          0x0001619c        0x0 ../vectadd_bsp/\libhal_bsp.a(alt_close.o)
 .data          0x0001619c      0x1a8 ../vectadd_bsp/\libhal_bsp.a(alt_dev.o)
                0x0001619c                alt_dev_null
                0x000161c4                alt_fd_list
 .data          0x00016344        0x0 ../vectadd_bsp/\libhal_bsp.a(alt_errno.o)
 .data          0x00016344        0x0 ../vectadd_bsp/\libhal_bsp.a(alt_fstat.o)
 .data          0x00016344        0x0 ../vectadd_bsp/\libhal_bsp.a(alt_isatty.o)
 .data          0x00016344        0x0 ../vectadd_bsp/\libhal_bsp.a(alt_load.o)
 .data          0x00016344        0x0 ../vectadd_bsp/\libhal_bsp.a(alt_lseek.o)
 .data          0x00016344        0x0 ../vectadd_bsp/\libhal_bsp.a(alt_main.o)
 .data          0x00016344        0x0 ../vectadd_bsp/\libhal_bsp.a(alt_malloc_lock.o)
 .data          0x00016344        0x0 ../vectadd_bsp/\libhal_bsp.a(alt_read.o)
 .data          0x00016344        0x0 ../vectadd_bsp/\libhal_bsp.a(alt_release_fd.o)
 .data          0x00016344        0x0 ../vectadd_bsp/\libhal_bsp.a(alt_sbrk.o)
 .data          0x00016344        0x0 ../vectadd_bsp/\libhal_bsp.a(alt_write.o)
 .data          0x00016344     0x1060 ../vectadd_bsp/\libhal_bsp.a(alt_sys_init.o)
 .data          0x000173a4        0x0 ../vectadd_bsp/\libhal_bsp.a(altera_avalon_jtag_uart_fd.o)
 .data          0x000173a4        0x0 ../vectadd_bsp/\libhal_bsp.a(altera_avalon_jtag_uart_init.o)
 .data          0x000173a4        0x0 ../vectadd_bsp/\libhal_bsp.a(altera_avalon_jtag_uart_ioctl.o)
 .data          0x000173a4        0x0 ../vectadd_bsp/\libhal_bsp.a(altera_avalon_jtag_uart_read.o)
 .data          0x000173a4        0x0 ../vectadd_bsp/\libhal_bsp.a(altera_avalon_jtag_uart_write.o)
 .data          0x000173a4        0x0 ../vectadd_bsp/\libhal_bsp.a(alt_alarm_start.o)
 .data          0x000173a4        0x0 ../vectadd_bsp/\libhal_bsp.a(alt_dcache_flush_all.o)
 .data          0x000173a4        0x0 ../vectadd_bsp/\libhal_bsp.a(alt_dev_llist_insert.o)
 .data          0x000173a4        0x0 ../vectadd_bsp/\libhal_bsp.a(alt_do_ctors.o)
 .data          0x000173a4        0x0 ../vectadd_bsp/\libhal_bsp.a(alt_do_dtors.o)
 .data          0x000173a4        0x0 ../vectadd_bsp/\libhal_bsp.a(alt_icache_flush_all.o)
 .data          0x000173a4        0x0 ../vectadd_bsp/\libhal_bsp.a(alt_iic.o)
 .data          0x000173a4        0x0 ../vectadd_bsp/\libhal_bsp.a(alt_iic_isr_register.o)
 .data          0x000173a4        0x0 ../vectadd_bsp/\libhal_bsp.a(alt_io_redirect.o)
 .data          0x000173a4        0x0 ../vectadd_bsp/\libhal_bsp.a(alt_irq_entry.o)
 .data          0x000173a4        0x0 ../vectadd_bsp/\libhal_bsp.a(alt_irq_handler.o)
 .data          0x000173a4        0x0 ../vectadd_bsp/\libhal_bsp.a(alt_irq_vars.o)
 .data          0x000173a4        0x0 ../vectadd_bsp/\libhal_bsp.a(alt_open.o)
 .data          0x000173a4        0x0 ../vectadd_bsp/\libhal_bsp.a(alt_tick.o)
 .data          0x000173a4        0x0 ../vectadd_bsp/\libhal_bsp.a(altera_nios2_qsys_irq.o)
 .data          0x000173a4        0x0 ../vectadd_bsp/\libhal_bsp.a(alt_exception_entry.o)
 .data          0x000173a4        0x0 ../vectadd_bsp/\libhal_bsp.a(alt_find_dev.o)
 .data          0x000173a4        0x0 ../vectadd_bsp/\libhal_bsp.a(alt_find_file.o)
 .data          0x000173a4        0x0 ../vectadd_bsp/\libhal_bsp.a(alt_get_fd.o)
 .data          0x000173a4        0x0 c:/altera/13.0sp1/nios2eds/bin/gnu/h-i686-mingw32/bin/../lib/gcc/nios2-elf/4.1.2/../../../../nios2-elf/lib/mno-hw-mul\libc.a(lib_a-atexit.o)
 .data          0x000173a4        0x0 c:/altera/13.0sp1/nios2eds/bin/gnu/h-i686-mingw32/bin/../lib/gcc/nios2-elf/4.1.2/../../../../nios2-elf/lib/mno-hw-mul\libc.a(lib_a-exit.o)
 .data          0x000173a4        0x0 c:/altera/13.0sp1/nios2eds/bin/gnu/h-i686-mingw32/bin/../lib/gcc/nios2-elf/4.1.2/../../../../nios2-elf/lib/mno-hw-mul\libc.a(lib_a-memcmp.o)
 .data          0x000173a4        0x0 c:/altera/13.0sp1/nios2eds/bin/gnu/h-i686-mingw32/bin/../lib/gcc/nios2-elf/4.1.2/../../../../nios2-elf/lib/mno-hw-mul\libc.a(lib_a-__atexit.o)
 .data          0x000173a4        0x0 c:/altera/13.0sp1/nios2eds/bin/gnu/h-i686-mingw32/bin/../lib/gcc/nios2-elf/4.1.2/../../../../nios2-elf/lib/mno-hw-mul\libc.a(lib_a-__call_atexit.o)
 .data          0x000173a4        0x0 ../vectadd_bsp/\libhal_bsp.a(alt_exit.o)
                0x0001f3a4                _gp = ABSOLUTE ((. + 0x8000))
                0x0001f3a4                PROVIDE (gp, _gp)
 *(.rwdata .rwdata.*)
 *(.sdata .sdata.* .gnu.linkonce.s.*)
 .sdata         0x000173a4        0x8 c:/altera/13.0sp1/nios2eds/bin/gnu/h-i686-mingw32/bin/../lib/gcc/nios2-elf/4.1.2/../../../../nios2-elf/lib/mno-hw-mul\libc.a(lib_a-mallocr.o)
                0x000173a4                __malloc_trim_threshold
                0x000173a8                __malloc_sbrk_base
 .sdata         0x000173ac        0x8 c:/altera/13.0sp1/nios2eds/bin/gnu/h-i686-mingw32/bin/../lib/gcc/nios2-elf/4.1.2/../../../../nios2-elf/lib/mno-hw-mul\libc.a(lib_a-impure.o)
                0x000173ac                _impure_ptr
                0x000173b0                _global_impure_ptr
 .sdata         0x000173b4       0x14 ../vectadd_bsp/\libhal_bsp.a(alt_dev.o)
                0x000173b4                alt_fs_list
                0x000173bc                alt_dev_list
                0x000173c4                alt_max_fd
 .sdata         0x000173c8        0x4 ../vectadd_bsp/\libhal_bsp.a(alt_errno.o)
                0x000173c8                alt_errno
 .sdata         0x000173cc        0x4 ../vectadd_bsp/\libhal_bsp.a(alt_sbrk.o)
 .sdata         0x000173d0        0x4 ../vectadd_bsp/\libhal_bsp.a(alt_irq_vars.o)
                0x000173d0                alt_priority_mask
 .sdata         0x000173d4        0x8 ../vectadd_bsp/\libhal_bsp.a(alt_tick.o)
                0x000173d4                alt_alarm_list
 *(.sdata2 .sdata2.* .gnu.linkonce.s2.*)
                0x000173dc                . = ALIGN (0x4)
                0x000173dc                _edata = ABSOLUTE (.)
                0x000173dc                PROVIDE (edata, ABSOLUTE (.))
                0x000173dc                PROVIDE (__ram_rwdata_end, ABSOLUTE (.))
                0x000173dc                PROVIDE (__flash_rwdata_start, LOADADDR (.rwdata))

.bss            0x00018e24      0x2e0
                0x00018e24                __bss_start = ABSOLUTE (.)
                0x00018e24                PROVIDE (__sbss_start, ABSOLUTE (.))
                0x00018e24                PROVIDE (___sbss_start, ABSOLUTE (.))
 *(.dynsbss)
 *(.sbss .sbss.* .gnu.linkonce.sb.*)
 .sbss          0x00018e24        0xc c:/altera/13.0sp1/nios2eds/bin/gnu/h-i686-mingw32/bin/../lib/gcc/nios2-elf/4.1.2/../../../../nios2-elf/lib/mno-hw-mul\libc.a(lib_a-mallocr.o)
                0x00018e24                __malloc_top_pad
                0x00018e28                __malloc_max_sbrked_mem
                0x00018e2c                __malloc_max_total_mem
 .sbss          0x00018e30        0x4 c:/altera/13.0sp1/nios2eds/bin/gnu/h-i686-mingw32/bin/../lib/gcc/nios2-elf/4.1.2/../../../../nios2-elf/lib/mno-hw-mul\libc.a(lib_a-int_errno.o)
                0x00018e30                errno
 .sbss          0x00018e34        0xc ../vectadd_bsp/\libhal_bsp.a(alt_main.o)
                0x00018e34                alt_argc
                0x00018e38                alt_argv
                0x00018e3c                alt_envp
 .sbss          0x00018e40        0x4 ../vectadd_bsp/\libhal_bsp.a(alt_irq_vars.o)
                0x00018e40                alt_irq_active
 .sbss          0x00018e44        0x8 ../vectadd_bsp/\libhal_bsp.a(alt_tick.o)
                0x00018e44                _alt_tick_rate
                0x00018e48                _alt_nticks
 *(.sbss2 .sbss2.* .gnu.linkonce.sb2.*)
 *(.scommon)
                0x00018e4c                PROVIDE (__sbss_end, ABSOLUTE (.))
                0x00018e4c                PROVIDE (___sbss_end, ABSOLUTE (.))
 *(.dynbss)
 *(.bss .bss.* .gnu.linkonce.b.*)
 .bss           0x00018e4c        0x0 ../vectadd_bsp//obj/HAL/src/crt0.o
 .bss           0x00018e4c        0x0 obj/default/main.o
 .bss           0x00018e4c        0x0 c:/altera/13.0sp1/nios2eds/bin/gnu/h-i686-mingw32/bin/../lib/gcc/nios2-elf/4.1.2/../../../../nios2-elf/lib/mno-hw-mul\libc.a(lib_a-malloc.o)
 .bss           0x00018e4c       0x28 c:/altera/13.0sp1/nios2eds/bin/gnu/h-i686-mingw32/bin/../lib/gcc/nios2-elf/4.1.2/../../../../nios2-elf/lib/mno-hw-mul\libc.a(lib_a-mallocr.o)
                0x00018e4c                __malloc_current_mallinfo
 .bss           0x00018e74        0x0 c:/altera/13.0sp1/nios2eds/bin/gnu/h-i686-mingw32/bin/../lib/gcc/nios2-elf/4.1.2/../../../../nios2-elf/lib/mno-hw-mul\libc.a(lib_a-puts.o)
 .bss           0x00018e74        0x0 c:/altera/13.0sp1/nios2eds/bin/gnu/h-i686-mingw32/bin/../lib/gcc/nios2-elf/4.1.2/../../../../nios2-elf/lib/mno-hw-mul\libc.a(lib_a-sbrkr.o)
 .bss           0x00018e74        0x0 c:/altera/13.0sp1/nios2eds/bin/gnu/h-i686-mingw32/bin/../lib/gcc/nios2-elf/4.1.2/../../../../nios2-elf/lib/mno-hw-mul\libc.a(lib_a-strlen.o)
 .bss           0x00018e74        0x0 c:/altera/13.0sp1/nios2eds/bin/gnu/h-i686-mingw32/bin/../lib/gcc/nios2-elf/4.1.2/../../../../nios2-elf/lib/mno-hw-mul\libc.a(lib_a-freer.o)
 .bss           0x00018e74        0x0 c:/altera/13.0sp1/nios2eds/bin/gnu/h-i686-mingw32/bin/../lib/gcc/nios2-elf/4.1.2/../../../../nios2-elf/lib/mno-hw-mul\libc.a(lib_a-fvwrite.o)
 .bss           0x00018e74        0x0 c:/altera/13.0sp1/nios2eds/bin/gnu/h-i686-mingw32/bin/../lib/gcc/nios2-elf/4.1.2/../../../../nios2-elf/lib/mno-hw-mul\libc.a(lib_a-impure.o)
 .bss           0x00018e74        0x0 c:/altera/13.0sp1/nios2eds/bin/gnu/h-i686-mingw32/bin/../lib/gcc/nios2-elf/4.1.2/../../../../nios2-elf/lib/mno-hw-mul\libc.a(lib_a-int_errno.o)
 .bss           0x00018e74        0x0 c:/altera/13.0sp1/nios2eds/bin/gnu/h-i686-mingw32/bin/../lib/gcc/nios2-elf/4.1.2/../../../../nios2-elf/lib/mno-hw-mul\libc.a(lib_a-memchr.o)
 .bss           0x00018e74        0x0 c:/altera/13.0sp1/nios2eds/bin/gnu/h-i686-mingw32/bin/../lib/gcc/nios2-elf/4.1.2/../../../../nios2-elf/lib/mno-hw-mul\libc.a(lib_a-memcpy.o)
 .bss           0x00018e74        0x0 c:/altera/13.0sp1/nios2eds/bin/gnu/h-i686-mingw32/bin/../lib/gcc/nios2-elf/4.1.2/../../../../nios2-elf/lib/mno-hw-mul\libc.a(lib_a-memmove.o)
 .bss           0x00018e74        0x0 c:/altera/13.0sp1/nios2eds/bin/gnu/h-i686-mingw32/bin/../lib/gcc/nios2-elf/4.1.2/../../../../nios2-elf/lib/mno-hw-mul\libc.a(lib_a-reallocr.o)
 .bss           0x00018e74        0x0 c:/altera/13.0sp1/nios2eds/bin/gnu/h-i686-mingw32/bin/../lib/gcc/nios2-elf/4.1.2/../../../../nios2-elf/lib/mno-hw-mul\libc.a(lib_a-wsetup.o)
 .bss           0x00018e74        0x0 c:/altera/13.0sp1/nios2eds/bin/gnu/h-i686-mingw32/bin/../lib/gcc/nios2-elf/4.1.2/../../../../nios2-elf/lib/mno-hw-mul\libc.a(lib_a-fflush.o)
 .bss           0x00018e74        0x0 c:/altera/13.0sp1/nios2eds/bin/gnu/h-i686-mingw32/bin/../lib/gcc/nios2-elf/4.1.2/../../../../nios2-elf/lib/mno-hw-mul\libc.a(lib_a-findfp.o)
 .bss           0x00018e74        0x0 c:/altera/13.0sp1/nios2eds/bin/gnu/h-i686-mingw32/bin/../lib/gcc/nios2-elf/4.1.2/../../../../nios2-elf/lib/mno-hw-mul\libc.a(lib_a-fwalk.o)
 .bss           0x00018e74        0x0 c:/altera/13.0sp1/nios2eds/bin/gnu/h-i686-mingw32/bin/../lib/gcc/nios2-elf/4.1.2/../../../../nios2-elf/lib/mno-hw-mul\libc.a(lib_a-makebuf.o)
 .bss           0x00018e74        0x0 c:/altera/13.0sp1/nios2eds/bin/gnu/h-i686-mingw32/bin/../lib/gcc/nios2-elf/4.1.2/../../../../nios2-elf/lib/mno-hw-mul\libc.a(lib_a-memset.o)
 .bss           0x00018e74        0x0 c:/altera/13.0sp1/nios2eds/bin/gnu/h-i686-mingw32/bin/../lib/gcc/nios2-elf/4.1.2/../../../../nios2-elf/lib/mno-hw-mul\libc.a(lib_a-stdio.o)
 .bss           0x00018e74        0x0 c:/altera/13.0sp1/nios2eds/bin/gnu/h-i686-mingw32/bin/../lib/gcc/nios2-elf/4.1.2/../../../../nios2-elf/lib/mno-hw-mul\libc.a(lib_a-writer.o)
 .bss           0x00018e74        0x0 c:/altera/13.0sp1/nios2eds/bin/gnu/h-i686-mingw32/bin/../lib/gcc/nios2-elf/4.1.2/../../../../nios2-elf/lib/mno-hw-mul\libc.a(lib_a-closer.o)
 .bss           0x00018e74        0x0 c:/altera/13.0sp1/nios2eds/bin/gnu/h-i686-mingw32/bin/../lib/gcc/nios2-elf/4.1.2/../../../../nios2-elf/lib/mno-hw-mul\libc.a(lib_a-fclose.o)
 .bss           0x00018e74        0x0 c:/altera/13.0sp1/nios2eds/bin/gnu/h-i686-mingw32/bin/../lib/gcc/nios2-elf/4.1.2/../../../../nios2-elf/lib/mno-hw-mul\libc.a(lib_a-fstatr.o)
 .bss           0x00018e74        0x0 c:/altera/13.0sp1/nios2eds/bin/gnu/h-i686-mingw32/bin/../lib/gcc/nios2-elf/4.1.2/../../../../nios2-elf/lib/mno-hw-mul\libc.a(lib_a-isattyr.o)
 .bss           0x00018e74        0x0 c:/altera/13.0sp1/nios2eds/bin/gnu/h-i686-mingw32/bin/../lib/gcc/nios2-elf/4.1.2/../../../../nios2-elf/lib/mno-hw-mul\libc.a(lib_a-lseekr.o)
 .bss           0x00018e74        0x0 c:/altera/13.0sp1/nios2eds/bin/gnu/h-i686-mingw32/bin/../lib/gcc/nios2-elf/4.1.2/../../../../nios2-elf/lib/mno-hw-mul\libc.a(lib_a-readr.o)
 .bss           0x00018e74        0x0 c:/altera/13.0sp1/nios2eds/bin/gnu/h-i686-mingw32/bin/../lib/gcc/nios2-elf/4.1.2/mno-hw-mul\libgcc.a(lib2-mul.o)
 .bss           0x00018e74        0x0 ../vectadd_bsp/\libhal_bsp.a(alt_close.o)
 .bss           0x00018e74        0x0 ../vectadd_bsp/\libhal_bsp.a(alt_dev.o)
 .bss           0x00018e74        0x0 ../vectadd_bsp/\libhal_bsp.a(alt_errno.o)
 .bss           0x00018e74        0x0 ../vectadd_bsp/\libhal_bsp.a(alt_fstat.o)
 .bss           0x00018e74        0x0 ../vectadd_bsp/\libhal_bsp.a(alt_isatty.o)
 .bss           0x00018e74        0x0 ../vectadd_bsp/\libhal_bsp.a(alt_load.o)
 .bss           0x00018e74        0x0 ../vectadd_bsp/\libhal_bsp.a(alt_lseek.o)
 .bss           0x00018e74        0x0 ../vectadd_bsp/\libhal_bsp.a(alt_main.o)
 .bss           0x00018e74        0x0 ../vectadd_bsp/\libhal_bsp.a(alt_malloc_lock.o)
 .bss           0x00018e74        0x0 ../vectadd_bsp/\libhal_bsp.a(alt_read.o)
 .bss           0x00018e74        0x0 ../vectadd_bsp/\libhal_bsp.a(alt_release_fd.o)
 .bss           0x00018e74        0x0 ../vectadd_bsp/\libhal_bsp.a(alt_sbrk.o)
 .bss           0x00018e74        0x0 ../vectadd_bsp/\libhal_bsp.a(alt_write.o)
 .bss           0x00018e74        0x0 ../vectadd_bsp/\libhal_bsp.a(alt_sys_init.o)
 .bss           0x00018e74        0x0 ../vectadd_bsp/\libhal_bsp.a(altera_avalon_jtag_uart_fd.o)
 .bss           0x00018e74        0x0 ../vectadd_bsp/\libhal_bsp.a(altera_avalon_jtag_uart_init.o)
 .bss           0x00018e74        0x0 ../vectadd_bsp/\libhal_bsp.a(altera_avalon_jtag_uart_ioctl.o)
 .bss           0x00018e74        0x0 ../vectadd_bsp/\libhal_bsp.a(altera_avalon_jtag_uart_read.o)
 .bss           0x00018e74        0x0 ../vectadd_bsp/\libhal_bsp.a(altera_avalon_jtag_uart_write.o)
 .bss           0x00018e74        0x0 ../vectadd_bsp/\libhal_bsp.a(alt_alarm_start.o)
 .bss           0x00018e74        0x0 ../vectadd_bsp/\libhal_bsp.a(alt_dcache_flush_all.o)
 .bss           0x00018e74        0x0 ../vectadd_bsp/\libhal_bsp.a(alt_dev_llist_insert.o)
 .bss           0x00018e74        0x0 ../vectadd_bsp/\libhal_bsp.a(alt_do_ctors.o)
 .bss           0x00018e74        0x0 ../vectadd_bsp/\libhal_bsp.a(alt_do_dtors.o)
 .bss           0x00018e74        0x0 ../vectadd_bsp/\libhal_bsp.a(alt_icache_flush_all.o)
 .bss           0x00018e74        0x0 ../vectadd_bsp/\libhal_bsp.a(alt_iic.o)
 .bss           0x00018e74        0x0 ../vectadd_bsp/\libhal_bsp.a(alt_iic_isr_register.o)
 .bss           0x00018e74        0x0 ../vectadd_bsp/\libhal_bsp.a(alt_io_redirect.o)
 .bss           0x00018e74        0x0 ../vectadd_bsp/\libhal_bsp.a(alt_irq_entry.o)
 .bss           0x00018e74        0x0 ../vectadd_bsp/\libhal_bsp.a(alt_irq_handler.o)
 .bss           0x00018e74        0x0 ../vectadd_bsp/\libhal_bsp.a(alt_irq_vars.o)
 .bss           0x00018e74        0x0 ../vectadd_bsp/\libhal_bsp.a(alt_open.o)
 .bss           0x00018e74        0x0 ../vectadd_bsp/\libhal_bsp.a(alt_tick.o)
 .bss           0x00018e74        0x0 ../vectadd_bsp/\libhal_bsp.a(altera_nios2_qsys_irq.o)
 .bss           0x00018e74        0x0 ../vectadd_bsp/\libhal_bsp.a(alt_exception_entry.o)
 .bss           0x00018e74        0x0 ../vectadd_bsp/\libhal_bsp.a(alt_find_dev.o)
 .bss           0x00018e74        0x0 ../vectadd_bsp/\libhal_bsp.a(alt_find_file.o)
 .bss           0x00018e74        0x0 ../vectadd_bsp/\libhal_bsp.a(alt_get_fd.o)
 .bss           0x00018e74        0x0 c:/altera/13.0sp1/nios2eds/bin/gnu/h-i686-mingw32/bin/../lib/gcc/nios2-elf/4.1.2/../../../../nios2-elf/lib/mno-hw-mul\libc.a(lib_a-atexit.o)
 .bss           0x00018e74        0x0 c:/altera/13.0sp1/nios2eds/bin/gnu/h-i686-mingw32/bin/../lib/gcc/nios2-elf/4.1.2/../../../../nios2-elf/lib/mno-hw-mul\libc.a(lib_a-exit.o)
 .bss           0x00018e74        0x0 c:/altera/13.0sp1/nios2eds/bin/gnu/h-i686-mingw32/bin/../lib/gcc/nios2-elf/4.1.2/../../../../nios2-elf/lib/mno-hw-mul\libc.a(lib_a-memcmp.o)
 .bss           0x00018e74        0x0 c:/altera/13.0sp1/nios2eds/bin/gnu/h-i686-mingw32/bin/../lib/gcc/nios2-elf/4.1.2/../../../../nios2-elf/lib/mno-hw-mul\libc.a(lib_a-__atexit.o)
 .bss           0x00018e74        0x0 c:/altera/13.0sp1/nios2eds/bin/gnu/h-i686-mingw32/bin/../lib/gcc/nios2-elf/4.1.2/../../../../nios2-elf/lib/mno-hw-mul\libc.a(lib_a-__call_atexit.o)
 .bss           0x00018e74        0x0 ../vectadd_bsp/\libhal_bsp.a(alt_exit.o)
 *(COMMON)
 COMMON         0x00018e74      0x100 ../vectadd_bsp/\libhal_bsp.a(alt_irq_handler.o)
                0x00018e74                alt_irq
 COMMON         0x00018f74      0x190 c:/altera/13.0sp1/nios2eds/bin/gnu/h-i686-mingw32/bin/../lib/gcc/nios2-elf/4.1.2/../../../../nios2-elf/lib/mno-hw-mul\libc.a(lib_a-atexit.o)
                0x00018f74                _atexit0
                0x00019104                . = ALIGN (0x4)
                0x00019104                __bss_end = ABSOLUTE (.)

.onchip_memory2_0
                0x00019104        0x0
                0x00019104                PROVIDE (_alt_partition_onchip_memory2_0_start, ABSOLUTE (.))
 *(.onchip_memory2_0. onchip_memory2_0.*)
                0x00019104                . = ALIGN (0x4)
                0x00019104                PROVIDE (_alt_partition_onchip_memory2_0_end, ABSOLUTE (.))
                0x00019104                _end = ABSOLUTE (.)
                0x00019104                end = ABSOLUTE (.)
                0x00019104                __alt_stack_base = ABSOLUTE (.)
                0x00019104                PROVIDE (_alt_partition_onchip_memory2_0_load_addr, LOADADDR (.onchip_memory2_0))

.stab
 *(.stab)

.stabstr
 *(.stabstr)

.stab.excl
 *(.stab.excl)

.stab.exclstr
 *(.stab.exclstr)

.stab.index
 *(.stab.index)

.stab.indexstr
 *(.stab.indexstr)

.comment        0x00000000       0x26
 *(.comment)
 .comment       0x00000000       0x26 obj/default/main.o
                                 0x27 (size before relaxing)
 .comment       0x00000000       0x27 c:/altera/13.0sp1/nios2eds/bin/gnu/h-i686-mingw32/bin/../lib/gcc/nios2-elf/4.1.2/../../../../nios2-elf/lib/mno-hw-mul\libc.a(lib_a-malloc.o)
 .comment       0x00000000       0x27 c:/altera/13.0sp1/nios2eds/bin/gnu/h-i686-mingw32/bin/../lib/gcc/nios2-elf/4.1.2/../../../../nios2-elf/lib/mno-hw-mul\libc.a(lib_a-mallocr.o)
 .comment       0x00000000       0x27 c:/altera/13.0sp1/nios2eds/bin/gnu/h-i686-mingw32/bin/../lib/gcc/nios2-elf/4.1.2/../../../../nios2-elf/lib/mno-hw-mul\libc.a(lib_a-puts.o)
 .comment       0x00000000       0x27 c:/altera/13.0sp1/nios2eds/bin/gnu/h-i686-mingw32/bin/../lib/gcc/nios2-elf/4.1.2/../../../../nios2-elf/lib/mno-hw-mul\libc.a(lib_a-sbrkr.o)
 .comment       0x00000000       0x27 c:/altera/13.0sp1/nios2eds/bin/gnu/h-i686-mingw32/bin/../lib/gcc/nios2-elf/4.1.2/../../../../nios2-elf/lib/mno-hw-mul\libc.a(lib_a-strlen.o)
 .comment       0x00000000       0x27 c:/altera/13.0sp1/nios2eds/bin/gnu/h-i686-mingw32/bin/../lib/gcc/nios2-elf/4.1.2/../../../../nios2-elf/lib/mno-hw-mul\libc.a(lib_a-freer.o)
 .comment       0x00000000       0x27 c:/altera/13.0sp1/nios2eds/bin/gnu/h-i686-mingw32/bin/../lib/gcc/nios2-elf/4.1.2/../../../../nios2-elf/lib/mno-hw-mul\libc.a(lib_a-fvwrite.o)
 .comment       0x00000000       0x27 c:/altera/13.0sp1/nios2eds/bin/gnu/h-i686-mingw32/bin/../lib/gcc/nios2-elf/4.1.2/../../../../nios2-elf/lib/mno-hw-mul\libc.a(lib_a-impure.o)
 .comment       0x00000000       0x27 c:/altera/13.0sp1/nios2eds/bin/gnu/h-i686-mingw32/bin/../lib/gcc/nios2-elf/4.1.2/../../../../nios2-elf/lib/mno-hw-mul\libc.a(lib_a-int_errno.o)
 .comment       0x00000000       0x27 c:/altera/13.0sp1/nios2eds/bin/gnu/h-i686-mingw32/bin/../lib/gcc/nios2-elf/4.1.2/../../../../nios2-elf/lib/mno-hw-mul\libc.a(lib_a-memchr.o)
 .comment       0x00000000       0x27 c:/altera/13.0sp1/nios2eds/bin/gnu/h-i686-mingw32/bin/../lib/gcc/nios2-elf/4.1.2/../../../../nios2-elf/lib/mno-hw-mul\libc.a(lib_a-memcpy.o)
 .comment       0x00000000       0x27 c:/altera/13.0sp1/nios2eds/bin/gnu/h-i686-mingw32/bin/../lib/gcc/nios2-elf/4.1.2/../../../../nios2-elf/lib/mno-hw-mul\libc.a(lib_a-memmove.o)
 .comment       0x00000000       0x27 c:/altera/13.0sp1/nios2eds/bin/gnu/h-i686-mingw32/bin/../lib/gcc/nios2-elf/4.1.2/../../../../nios2-elf/lib/mno-hw-mul\libc.a(lib_a-reallocr.o)
 .comment       0x00000000       0x27 c:/altera/13.0sp1/nios2eds/bin/gnu/h-i686-mingw32/bin/../lib/gcc/nios2-elf/4.1.2/../../../../nios2-elf/lib/mno-hw-mul\libc.a(lib_a-wsetup.o)
 .comment       0x00000000       0x27 c:/altera/13.0sp1/nios2eds/bin/gnu/h-i686-mingw32/bin/../lib/gcc/nios2-elf/4.1.2/../../../../nios2-elf/lib/mno-hw-mul\libc.a(lib_a-fflush.o)
 .comment       0x00000000       0x27 c:/altera/13.0sp1/nios2eds/bin/gnu/h-i686-mingw32/bin/../lib/gcc/nios2-elf/4.1.2/../../../../nios2-elf/lib/mno-hw-mul\libc.a(lib_a-findfp.o)
 .comment       0x00000000       0x27 c:/altera/13.0sp1/nios2eds/bin/gnu/h-i686-mingw32/bin/../lib/gcc/nios2-elf/4.1.2/../../../../nios2-elf/lib/mno-hw-mul\libc.a(lib_a-fwalk.o)
 .comment       0x00000000       0x27 c:/altera/13.0sp1/nios2eds/bin/gnu/h-i686-mingw32/bin/../lib/gcc/nios2-elf/4.1.2/../../../../nios2-elf/lib/mno-hw-mul\libc.a(lib_a-makebuf.o)
 .comment       0x00000000       0x27 c:/altera/13.0sp1/nios2eds/bin/gnu/h-i686-mingw32/bin/../lib/gcc/nios2-elf/4.1.2/../../../../nios2-elf/lib/mno-hw-mul\libc.a(lib_a-memset.o)
 .comment       0x00000000       0x27 c:/altera/13.0sp1/nios2eds/bin/gnu/h-i686-mingw32/bin/../lib/gcc/nios2-elf/4.1.2/../../../../nios2-elf/lib/mno-hw-mul\libc.a(lib_a-stdio.o)
 .comment       0x00000000       0x27 c:/altera/13.0sp1/nios2eds/bin/gnu/h-i686-mingw32/bin/../lib/gcc/nios2-elf/4.1.2/../../../../nios2-elf/lib/mno-hw-mul\libc.a(lib_a-writer.o)
 .comment       0x00000000       0x27 c:/altera/13.0sp1/nios2eds/bin/gnu/h-i686-mingw32/bin/../lib/gcc/nios2-elf/4.1.2/../../../../nios2-elf/lib/mno-hw-mul\libc.a(lib_a-closer.o)
 .comment       0x00000000       0x27 c:/altera/13.0sp1/nios2eds/bin/gnu/h-i686-mingw32/bin/../lib/gcc/nios2-elf/4.1.2/../../../../nios2-elf/lib/mno-hw-mul\libc.a(lib_a-fclose.o)
 .comment       0x00000000       0x27 c:/altera/13.0sp1/nios2eds/bin/gnu/h-i686-mingw32/bin/../lib/gcc/nios2-elf/4.1.2/../../../../nios2-elf/lib/mno-hw-mul\libc.a(lib_a-fstatr.o)
 .comment       0x00000000       0x27 c:/altera/13.0sp1/nios2eds/bin/gnu/h-i686-mingw32/bin/../lib/gcc/nios2-elf/4.1.2/../../../../nios2-elf/lib/mno-hw-mul\libc.a(lib_a-isattyr.o)
 .comment       0x00000000       0x27 c:/altera/13.0sp1/nios2eds/bin/gnu/h-i686-mingw32/bin/../lib/gcc/nios2-elf/4.1.2/../../../../nios2-elf/lib/mno-hw-mul\libc.a(lib_a-lseekr.o)
 .comment       0x00000000       0x27 c:/altera/13.0sp1/nios2eds/bin/gnu/h-i686-mingw32/bin/../lib/gcc/nios2-elf/4.1.2/../../../../nios2-elf/lib/mno-hw-mul\libc.a(lib_a-readr.o)
 .comment       0x00000000       0x27 c:/altera/13.0sp1/nios2eds/bin/gnu/h-i686-mingw32/bin/../lib/gcc/nios2-elf/4.1.2/mno-hw-mul\libgcc.a(lib2-mul.o)
 .comment       0x00000000       0x27 ../vectadd_bsp/\libhal_bsp.a(alt_close.o)
 .comment       0x00000000       0x27 ../vectadd_bsp/\libhal_bsp.a(alt_dev.o)
 .comment       0x00000000       0x27 ../vectadd_bsp/\libhal_bsp.a(alt_errno.o)
 .comment       0x00000000       0x27 ../vectadd_bsp/\libhal_bsp.a(alt_fstat.o)
 .comment       0x00000000       0x27 ../vectadd_bsp/\libhal_bsp.a(alt_isatty.o)
 .comment       0x00000000       0x27 ../vectadd_bsp/\libhal_bsp.a(alt_load.o)
 .comment       0x00000000       0x27 ../vectadd_bsp/\libhal_bsp.a(alt_lseek.o)
 .comment       0x00000000       0x27 ../vectadd_bsp/\libhal_bsp.a(alt_main.o)
 .comment       0x00000000       0x27 ../vectadd_bsp/\libhal_bsp.a(alt_malloc_lock.o)
 .comment       0x00000000       0x27 ../vectadd_bsp/\libhal_bsp.a(alt_read.o)
 .comment       0x00000000       0x27 ../vectadd_bsp/\libhal_bsp.a(alt_release_fd.o)
 .comment       0x00000000       0x27 ../vectadd_bsp/\libhal_bsp.a(alt_sbrk.o)
 .comment       0x00000000       0x27 ../vectadd_bsp/\libhal_bsp.a(alt_write.o)
 .comment       0x00000000       0x27 ../vectadd_bsp/\libhal_bsp.a(alt_sys_init.o)
 .comment       0x00000000       0x27 ../vectadd_bsp/\libhal_bsp.a(altera_avalon_jtag_uart_fd.o)
 .comment       0x00000000       0x27 ../vectadd_bsp/\libhal_bsp.a(altera_avalon_jtag_uart_init.o)
 .comment       0x00000000       0x27 ../vectadd_bsp/\libhal_bsp.a(altera_avalon_jtag_uart_ioctl.o)
 .comment       0x00000000       0x27 ../vectadd_bsp/\libhal_bsp.a(altera_avalon_jtag_uart_read.o)
 .comment       0x00000000       0x27 ../vectadd_bsp/\libhal_bsp.a(altera_avalon_jtag_uart_write.o)
 .comment       0x00000000       0x27 ../vectadd_bsp/\libhal_bsp.a(alt_alarm_start.o)
 .comment       0x00000000       0x27 ../vectadd_bsp/\libhal_bsp.a(alt_dcache_flush_all.o)
 .comment       0x00000000       0x27 ../vectadd_bsp/\libhal_bsp.a(alt_dev_llist_insert.o)
 .comment       0x00000000       0x27 ../vectadd_bsp/\libhal_bsp.a(alt_do_ctors.o)
 .comment       0x00000000       0x27 ../vectadd_bsp/\libhal_bsp.a(alt_do_dtors.o)
 .comment       0x00000000       0x27 ../vectadd_bsp/\libhal_bsp.a(alt_icache_flush_all.o)
 .comment       0x00000000       0x27 ../vectadd_bsp/\libhal_bsp.a(alt_iic.o)
 .comment       0x00000000       0x27 ../vectadd_bsp/\libhal_bsp.a(alt_iic_isr_register.o)
 .comment       0x00000000       0x27 ../vectadd_bsp/\libhal_bsp.a(alt_io_redirect.o)
 .comment       0x00000000       0x27 ../vectadd_bsp/\libhal_bsp.a(alt_irq_handler.o)
 .comment       0x00000000       0x27 ../vectadd_bsp/\libhal_bsp.a(alt_irq_vars.o)
 .comment       0x00000000       0x27 ../vectadd_bsp/\libhal_bsp.a(alt_open.o)
 .comment       0x00000000       0x27 ../vectadd_bsp/\libhal_bsp.a(alt_tick.o)
 .comment       0x00000000       0x27 ../vectadd_bsp/\libhal_bsp.a(altera_nios2_qsys_irq.o)
 .comment       0x00000000       0x27 ../vectadd_bsp/\libhal_bsp.a(alt_find_dev.o)
 .comment       0x00000000       0x27 ../vectadd_bsp/\libhal_bsp.a(alt_find_file.o)
 .comment       0x00000000       0x27 ../vectadd_bsp/\libhal_bsp.a(alt_get_fd.o)
 .comment       0x00000000       0x27 c:/altera/13.0sp1/nios2eds/bin/gnu/h-i686-mingw32/bin/../lib/gcc/nios2-elf/4.1.2/../../../../nios2-elf/lib/mno-hw-mul\libc.a(lib_a-atexit.o)
 .comment       0x00000000       0x27 c:/altera/13.0sp1/nios2eds/bin/gnu/h-i686-mingw32/bin/../lib/gcc/nios2-elf/4.1.2/../../../../nios2-elf/lib/mno-hw-mul\libc.a(lib_a-exit.o)
 .comment       0x00000000       0x27 c:/altera/13.0sp1/nios2eds/bin/gnu/h-i686-mingw32/bin/../lib/gcc/nios2-elf/4.1.2/../../../../nios2-elf/lib/mno-hw-mul\libc.a(lib_a-memcmp.o)
 .comment       0x00000000       0x27 c:/altera/13.0sp1/nios2eds/bin/gnu/h-i686-mingw32/bin/../lib/gcc/nios2-elf/4.1.2/../../../../nios2-elf/lib/mno-hw-mul\libc.a(lib_a-__atexit.o)
 .comment       0x00000000       0x27 c:/altera/13.0sp1/nios2eds/bin/gnu/h-i686-mingw32/bin/../lib/gcc/nios2-elf/4.1.2/../../../../nios2-elf/lib/mno-hw-mul\libc.a(lib_a-__call_atexit.o)
 .comment       0x00000000       0x27 ../vectadd_bsp/\libhal_bsp.a(alt_exit.o)

.debug
 *(.debug)

.line
 *(.line)

.debug_srcinfo
 *(.debug_srcinfo)

.debug_sfnames
 *(.debug_sfnames)

.debug_aranges  0x00000000      0x8f8
 *(.debug_aranges)
 .debug_aranges
                0x00000000       0x28 ../vectadd_bsp//obj/HAL/src/crt0.o
 .debug_aranges
                0x00000028       0x20 obj/default/main.o
 .debug_aranges
                0x00000048       0x20 c:/altera/13.0sp1/nios2eds/bin/gnu/h-i686-mingw32/bin/../lib/gcc/nios2-elf/4.1.2/../../../../nios2-elf/lib/mno-hw-mul\libc.a(lib_a-malloc.o)
 .debug_aranges
                0x00000068       0x20 c:/altera/13.0sp1/nios2eds/bin/gnu/h-i686-mingw32/bin/../lib/gcc/nios2-elf/4.1.2/../../../../nios2-elf/lib/mno-hw-mul\libc.a(lib_a-mallocr.o)
 .debug_aranges
                0x00000088       0x20 c:/altera/13.0sp1/nios2eds/bin/gnu/h-i686-mingw32/bin/../lib/gcc/nios2-elf/4.1.2/../../../../nios2-elf/lib/mno-hw-mul\libc.a(lib_a-puts.o)
 .debug_aranges
                0x000000a8       0x20 c:/altera/13.0sp1/nios2eds/bin/gnu/h-i686-mingw32/bin/../lib/gcc/nios2-elf/4.1.2/../../../../nios2-elf/lib/mno-hw-mul\libc.a(lib_a-sbrkr.o)
 .debug_aranges
                0x000000c8       0x20 c:/altera/13.0sp1/nios2eds/bin/gnu/h-i686-mingw32/bin/../lib/gcc/nios2-elf/4.1.2/../../../../nios2-elf/lib/mno-hw-mul\libc.a(lib_a-strlen.o)
 .debug_aranges
                0x000000e8       0x20 c:/altera/13.0sp1/nios2eds/bin/gnu/h-i686-mingw32/bin/../lib/gcc/nios2-elf/4.1.2/../../../../nios2-elf/lib/mno-hw-mul\libc.a(lib_a-freer.o)
 .debug_aranges
                0x00000108       0x20 c:/altera/13.0sp1/nios2eds/bin/gnu/h-i686-mingw32/bin/../lib/gcc/nios2-elf/4.1.2/../../../../nios2-elf/lib/mno-hw-mul\libc.a(lib_a-fvwrite.o)
 .debug_aranges
                0x00000128       0x20 c:/altera/13.0sp1/nios2eds/bin/gnu/h-i686-mingw32/bin/../lib/gcc/nios2-elf/4.1.2/../../../../nios2-elf/lib/mno-hw-mul\libc.a(lib_a-memchr.o)
 .debug_aranges
                0x00000148       0x20 c:/altera/13.0sp1/nios2eds/bin/gnu/h-i686-mingw32/bin/../lib/gcc/nios2-elf/4.1.2/../../../../nios2-elf/lib/mno-hw-mul\libc.a(lib_a-memcpy.o)
 .debug_aranges
                0x00000168       0x20 c:/altera/13.0sp1/nios2eds/bin/gnu/h-i686-mingw32/bin/../lib/gcc/nios2-elf/4.1.2/../../../../nios2-elf/lib/mno-hw-mul\libc.a(lib_a-memmove.o)
 .debug_aranges
                0x00000188       0x20 c:/altera/13.0sp1/nios2eds/bin/gnu/h-i686-mingw32/bin/../lib/gcc/nios2-elf/4.1.2/../../../../nios2-elf/lib/mno-hw-mul\libc.a(lib_a-reallocr.o)
 .debug_aranges
                0x000001a8       0x20 c:/altera/13.0sp1/nios2eds/bin/gnu/h-i686-mingw32/bin/../lib/gcc/nios2-elf/4.1.2/../../../../nios2-elf/lib/mno-hw-mul\libc.a(lib_a-wsetup.o)
 .debug_aranges
                0x000001c8       0x20 c:/altera/13.0sp1/nios2eds/bin/gnu/h-i686-mingw32/bin/../lib/gcc/nios2-elf/4.1.2/../../../../nios2-elf/lib/mno-hw-mul\libc.a(lib_a-fflush.o)
 .debug_aranges
                0x000001e8       0x20 c:/altera/13.0sp1/nios2eds/bin/gnu/h-i686-mingw32/bin/../lib/gcc/nios2-elf/4.1.2/../../../../nios2-elf/lib/mno-hw-mul\libc.a(lib_a-findfp.o)
 .debug_aranges
                0x00000208       0x20 c:/altera/13.0sp1/nios2eds/bin/gnu/h-i686-mingw32/bin/../lib/gcc/nios2-elf/4.1.2/../../../../nios2-elf/lib/mno-hw-mul\libc.a(lib_a-fwalk.o)
 .debug_aranges
                0x00000228       0x20 c:/altera/13.0sp1/nios2eds/bin/gnu/h-i686-mingw32/bin/../lib/gcc/nios2-elf/4.1.2/../../../../nios2-elf/lib/mno-hw-mul\libc.a(lib_a-makebuf.o)
 .debug_aranges
                0x00000248       0x20 c:/altera/13.0sp1/nios2eds/bin/gnu/h-i686-mingw32/bin/../lib/gcc/nios2-elf/4.1.2/../../../../nios2-elf/lib/mno-hw-mul\libc.a(lib_a-memset.o)
 .debug_aranges
                0x00000268       0x20 c:/altera/13.0sp1/nios2eds/bin/gnu/h-i686-mingw32/bin/../lib/gcc/nios2-elf/4.1.2/../../../../nios2-elf/lib/mno-hw-mul\libc.a(lib_a-stdio.o)
 .debug_aranges
                0x00000288       0x20 c:/altera/13.0sp1/nios2eds/bin/gnu/h-i686-mingw32/bin/../lib/gcc/nios2-elf/4.1.2/../../../../nios2-elf/lib/mno-hw-mul\libc.a(lib_a-writer.o)
 .debug_aranges
                0x000002a8       0x20 c:/altera/13.0sp1/nios2eds/bin/gnu/h-i686-mingw32/bin/../lib/gcc/nios2-elf/4.1.2/../../../../nios2-elf/lib/mno-hw-mul\libc.a(lib_a-closer.o)
 .debug_aranges
                0x000002c8       0x20 c:/altera/13.0sp1/nios2eds/bin/gnu/h-i686-mingw32/bin/../lib/gcc/nios2-elf/4.1.2/../../../../nios2-elf/lib/mno-hw-mul\libc.a(lib_a-fclose.o)
 .debug_aranges
                0x000002e8       0x20 c:/altera/13.0sp1/nios2eds/bin/gnu/h-i686-mingw32/bin/../lib/gcc/nios2-elf/4.1.2/../../../../nios2-elf/lib/mno-hw-mul\libc.a(lib_a-fstatr.o)
 .debug_aranges
                0x00000308       0x20 c:/altera/13.0sp1/nios2eds/bin/gnu/h-i686-mingw32/bin/../lib/gcc/nios2-elf/4.1.2/../../../../nios2-elf/lib/mno-hw-mul\libc.a(lib_a-isattyr.o)
 .debug_aranges
                0x00000328       0x20 c:/altera/13.0sp1/nios2eds/bin/gnu/h-i686-mingw32/bin/../lib/gcc/nios2-elf/4.1.2/../../../../nios2-elf/lib/mno-hw-mul\libc.a(lib_a-lseekr.o)
 .debug_aranges
                0x00000348       0x20 c:/altera/13.0sp1/nios2eds/bin/gnu/h-i686-mingw32/bin/../lib/gcc/nios2-elf/4.1.2/../../../../nios2-elf/lib/mno-hw-mul\libc.a(lib_a-readr.o)
 .debug_aranges
                0x00000368       0x20 c:/altera/13.0sp1/nios2eds/bin/gnu/h-i686-mingw32/bin/../lib/gcc/nios2-elf/4.1.2/mno-hw-mul\libgcc.a(lib2-mul.o)
 .debug_aranges
                0x00000388       0x20 ../vectadd_bsp/\libhal_bsp.a(alt_close.o)
 .debug_aranges
                0x000003a8       0x20 ../vectadd_bsp/\libhal_bsp.a(alt_dev.o)
 .debug_aranges
                0x000003c8       0x20 ../vectadd_bsp/\libhal_bsp.a(alt_fstat.o)
 .debug_aranges
                0x000003e8       0x20 ../vectadd_bsp/\libhal_bsp.a(alt_isatty.o)
 .debug_aranges
                0x00000408       0x20 ../vectadd_bsp/\libhal_bsp.a(alt_load.o)
 .debug_aranges
                0x00000428       0x20 ../vectadd_bsp/\libhal_bsp.a(alt_lseek.o)
 .debug_aranges
                0x00000448       0x20 ../vectadd_bsp/\libhal_bsp.a(alt_main.o)
 .debug_aranges
                0x00000468       0x20 ../vectadd_bsp/\libhal_bsp.a(alt_malloc_lock.o)
 .debug_aranges
                0x00000488       0x20 ../vectadd_bsp/\libhal_bsp.a(alt_read.o)
 .debug_aranges
                0x000004a8       0x20 ../vectadd_bsp/\libhal_bsp.a(alt_release_fd.o)
 .debug_aranges
                0x000004c8       0x20 ../vectadd_bsp/\libhal_bsp.a(alt_sbrk.o)
 .debug_aranges
                0x000004e8       0x20 ../vectadd_bsp/\libhal_bsp.a(alt_write.o)
 .debug_aranges
                0x00000508       0x20 ../vectadd_bsp/\libhal_bsp.a(alt_sys_init.o)
 .debug_aranges
                0x00000528       0x20 ../vectadd_bsp/\libhal_bsp.a(altera_avalon_jtag_uart_fd.o)
 .debug_aranges
                0x00000548       0x20 ../vectadd_bsp/\libhal_bsp.a(altera_avalon_jtag_uart_init.o)
 .debug_aranges
                0x00000568       0x20 ../vectadd_bsp/\libhal_bsp.a(altera_avalon_jtag_uart_ioctl.o)
 .debug_aranges
                0x00000588       0x20 ../vectadd_bsp/\libhal_bsp.a(altera_avalon_jtag_uart_read.o)
 .debug_aranges
                0x000005a8       0x20 ../vectadd_bsp/\libhal_bsp.a(altera_avalon_jtag_uart_write.o)
 .debug_aranges
                0x000005c8       0x20 ../vectadd_bsp/\libhal_bsp.a(alt_alarm_start.o)
 .debug_aranges
                0x000005e8       0x20 ../vectadd_bsp/\libhal_bsp.a(alt_dcache_flush_all.o)
 .debug_aranges
                0x00000608       0x20 ../vectadd_bsp/\libhal_bsp.a(alt_dev_llist_insert.o)
 .debug_aranges
                0x00000628       0x20 ../vectadd_bsp/\libhal_bsp.a(alt_do_ctors.o)
 .debug_aranges
                0x00000648       0x20 ../vectadd_bsp/\libhal_bsp.a(alt_do_dtors.o)
 .debug_aranges
                0x00000668       0x20 ../vectadd_bsp/\libhal_bsp.a(alt_icache_flush_all.o)
 .debug_aranges
                0x00000688       0x20 ../vectadd_bsp/\libhal_bsp.a(alt_iic.o)
 .debug_aranges
                0x000006a8       0x20 ../vectadd_bsp/\libhal_bsp.a(alt_iic_isr_register.o)
 .debug_aranges
                0x000006c8       0x20 ../vectadd_bsp/\libhal_bsp.a(alt_io_redirect.o)
 .debug_aranges
                0x000006e8       0x30 ../vectadd_bsp/\libhal_bsp.a(alt_irq_entry.o)
 .debug_aranges
                0x00000718       0x28 ../vectadd_bsp/\libhal_bsp.a(alt_irq_handler.o)
 .debug_aranges
                0x00000740       0x20 ../vectadd_bsp/\libhal_bsp.a(alt_open.o)
 .debug_aranges
                0x00000760       0x20 ../vectadd_bsp/\libhal_bsp.a(alt_tick.o)
 .debug_aranges
                0x00000780       0x20 ../vectadd_bsp/\libhal_bsp.a(altera_nios2_qsys_irq.o)
 .debug_aranges
                0x000007a0       0x38 ../vectadd_bsp/\libhal_bsp.a(alt_exception_entry.o)
 .debug_aranges
                0x000007d8       0x20 ../vectadd_bsp/\libhal_bsp.a(alt_find_dev.o)
 .debug_aranges
                0x000007f8       0x20 ../vectadd_bsp/\libhal_bsp.a(alt_find_file.o)
 .debug_aranges
                0x00000818       0x20 ../vectadd_bsp/\libhal_bsp.a(alt_get_fd.o)
 .debug_aranges
                0x00000838       0x20 c:/altera/13.0sp1/nios2eds/bin/gnu/h-i686-mingw32/bin/../lib/gcc/nios2-elf/4.1.2/../../../../nios2-elf/lib/mno-hw-mul\libc.a(lib_a-atexit.o)
 .debug_aranges
                0x00000858       0x20 c:/altera/13.0sp1/nios2eds/bin/gnu/h-i686-mingw32/bin/../lib/gcc/nios2-elf/4.1.2/../../../../nios2-elf/lib/mno-hw-mul\libc.a(lib_a-exit.o)
 .debug_aranges
                0x00000878       0x20 c:/altera/13.0sp1/nios2eds/bin/gnu/h-i686-mingw32/bin/../lib/gcc/nios2-elf/4.1.2/../../../../nios2-elf/lib/mno-hw-mul\libc.a(lib_a-memcmp.o)
 .debug_aranges
                0x00000898       0x20 c:/altera/13.0sp1/nios2eds/bin/gnu/h-i686-mingw32/bin/../lib/gcc/nios2-elf/4.1.2/../../../../nios2-elf/lib/mno-hw-mul\libc.a(lib_a-__atexit.o)
 .debug_aranges
                0x000008b8       0x20 c:/altera/13.0sp1/nios2eds/bin/gnu/h-i686-mingw32/bin/../lib/gcc/nios2-elf/4.1.2/../../../../nios2-elf/lib/mno-hw-mul\libc.a(lib_a-__call_atexit.o)
 .debug_aranges
                0x000008d8       0x20 ../vectadd_bsp/\libhal_bsp.a(alt_exit.o)

.debug_pubnames
                0x00000000      0xd4e
 *(.debug_pubnames)
 .debug_pubnames
                0x00000000       0x29 obj/default/main.o
 .debug_pubnames
                0x00000029       0x26 c:/altera/13.0sp1/nios2eds/bin/gnu/h-i686-mingw32/bin/../lib/gcc/nios2-elf/4.1.2/../../../../nios2-elf/lib/mno-hw-mul\libc.a(lib_a-malloc.o)
 .debug_pubnames
                0x0000004f       0xce c:/altera/13.0sp1/nios2eds/bin/gnu/h-i686-mingw32/bin/../lib/gcc/nios2-elf/4.1.2/../../../../nios2-elf/lib/mno-hw-mul\libc.a(lib_a-mallocr.o)
 .debug_pubnames
                0x0000011d       0x27 c:/altera/13.0sp1/nios2eds/bin/gnu/h-i686-mingw32/bin/../lib/gcc/nios2-elf/4.1.2/../../../../nios2-elf/lib/mno-hw-mul\libc.a(lib_a-puts.o)
 .debug_pubnames
                0x00000144       0x1e c:/altera/13.0sp1/nios2eds/bin/gnu/h-i686-mingw32/bin/../lib/gcc/nios2-elf/4.1.2/../../../../nios2-elf/lib/mno-hw-mul\libc.a(lib_a-sbrkr.o)
 .debug_pubnames
                0x00000162       0x1d c:/altera/13.0sp1/nios2eds/bin/gnu/h-i686-mingw32/bin/../lib/gcc/nios2-elf/4.1.2/../../../../nios2-elf/lib/mno-hw-mul\libc.a(lib_a-strlen.o)
 .debug_pubnames
                0x0000017f       0x31 c:/altera/13.0sp1/nios2eds/bin/gnu/h-i686-mingw32/bin/../lib/gcc/nios2-elf/4.1.2/../../../../nios2-elf/lib/mno-hw-mul\libc.a(lib_a-freer.o)
 .debug_pubnames
                0x000001b0       0x23 c:/altera/13.0sp1/nios2eds/bin/gnu/h-i686-mingw32/bin/../lib/gcc/nios2-elf/4.1.2/../../../../nios2-elf/lib/mno-hw-mul\libc.a(lib_a-fvwrite.o)
 .debug_pubnames
                0x000001d3       0x39 c:/altera/13.0sp1/nios2eds/bin/gnu/h-i686-mingw32/bin/../lib/gcc/nios2-elf/4.1.2/../../../../nios2-elf/lib/mno-hw-mul\libc.a(lib_a-impure.o)
 .debug_pubnames
                0x0000020c       0x1c c:/altera/13.0sp1/nios2eds/bin/gnu/h-i686-mingw32/bin/../lib/gcc/nios2-elf/4.1.2/../../../../nios2-elf/lib/mno-hw-mul\libc.a(lib_a-int_errno.o)
 .debug_pubnames
                0x00000228       0x1d c:/altera/13.0sp1/nios2eds/bin/gnu/h-i686-mingw32/bin/../lib/gcc/nios2-elf/4.1.2/../../../../nios2-elf/lib/mno-hw-mul\libc.a(lib_a-memchr.o)
 .debug_pubnames
                0x00000245       0x1d c:/altera/13.0sp1/nios2eds/bin/gnu/h-i686-mingw32/bin/../lib/gcc/nios2-elf/4.1.2/../../../../nios2-elf/lib/mno-hw-mul\libc.a(lib_a-memcpy.o)
 .debug_pubnames
                0x00000262       0x1e c:/altera/13.0sp1/nios2eds/bin/gnu/h-i686-mingw32/bin/../lib/gcc/nios2-elf/4.1.2/../../../../nios2-elf/lib/mno-hw-mul\libc.a(lib_a-memmove.o)
 .debug_pubnames
                0x00000280       0x21 c:/altera/13.0sp1/nios2eds/bin/gnu/h-i686-mingw32/bin/../lib/gcc/nios2-elf/4.1.2/../../../../nios2-elf/lib/mno-hw-mul\libc.a(lib_a-reallocr.o)
 .debug_pubnames
                0x000002a1       0x22 c:/altera/13.0sp1/nios2eds/bin/gnu/h-i686-mingw32/bin/../lib/gcc/nios2-elf/4.1.2/../../../../nios2-elf/lib/mno-hw-mul\libc.a(lib_a-wsetup.o)
 .debug_pubnames
                0x000002c3       0x2b c:/altera/13.0sp1/nios2eds/bin/gnu/h-i686-mingw32/bin/../lib/gcc/nios2-elf/4.1.2/../../../../nios2-elf/lib/mno-hw-mul\libc.a(lib_a-fflush.o)
 .debug_pubnames
                0x000002ee       0xdb c:/altera/13.0sp1/nios2eds/bin/gnu/h-i686-mingw32/bin/../lib/gcc/nios2-elf/4.1.2/../../../../nios2-elf/lib/mno-hw-mul\libc.a(lib_a-findfp.o)
 .debug_pubnames
                0x000003c9       0x2e c:/altera/13.0sp1/nios2eds/bin/gnu/h-i686-mingw32/bin/../lib/gcc/nios2-elf/4.1.2/../../../../nios2-elf/lib/mno-hw-mul\libc.a(lib_a-fwalk.o)
 .debug_pubnames
                0x000003f7       0x23 c:/altera/13.0sp1/nios2eds/bin/gnu/h-i686-mingw32/bin/../lib/gcc/nios2-elf/4.1.2/../../../../nios2-elf/lib/mno-hw-mul\libc.a(lib_a-makebuf.o)
 .debug_pubnames
                0x0000041a       0x1d c:/altera/13.0sp1/nios2eds/bin/gnu/h-i686-mingw32/bin/../lib/gcc/nios2-elf/4.1.2/../../../../nios2-elf/lib/mno-hw-mul\libc.a(lib_a-memset.o)
 .debug_pubnames
                0x00000437       0x44 c:/altera/13.0sp1/nios2eds/bin/gnu/h-i686-mingw32/bin/../lib/gcc/nios2-elf/4.1.2/../../../../nios2-elf/lib/mno-hw-mul\libc.a(lib_a-stdio.o)
 .debug_pubnames
                0x0000047b       0x1f c:/altera/13.0sp1/nios2eds/bin/gnu/h-i686-mingw32/bin/../lib/gcc/nios2-elf/4.1.2/../../../../nios2-elf/lib/mno-hw-mul\libc.a(lib_a-writer.o)
 .debug_pubnames
                0x0000049a       0x1f c:/altera/13.0sp1/nios2eds/bin/gnu/h-i686-mingw32/bin/../lib/gcc/nios2-elf/4.1.2/../../../../nios2-elf/lib/mno-hw-mul\libc.a(lib_a-closer.o)
 .debug_pubnames
                0x000004b9       0x2b c:/altera/13.0sp1/nios2eds/bin/gnu/h-i686-mingw32/bin/../lib/gcc/nios2-elf/4.1.2/../../../../nios2-elf/lib/mno-hw-mul\libc.a(lib_a-fclose.o)
 .debug_pubnames
                0x000004e4       0x1f c:/altera/13.0sp1/nios2eds/bin/gnu/h-i686-mingw32/bin/../lib/gcc/nios2-elf/4.1.2/../../../../nios2-elf/lib/mno-hw-mul\libc.a(lib_a-fstatr.o)
 .debug_pubnames
                0x00000503       0x20 c:/altera/13.0sp1/nios2eds/bin/gnu/h-i686-mingw32/bin/../lib/gcc/nios2-elf/4.1.2/../../../../nios2-elf/lib/mno-hw-mul\libc.a(lib_a-isattyr.o)
 .debug_pubnames
                0x00000523       0x1f c:/altera/13.0sp1/nios2eds/bin/gnu/h-i686-mingw32/bin/../lib/gcc/nios2-elf/4.1.2/../../../../nios2-elf/lib/mno-hw-mul\libc.a(lib_a-lseekr.o)
 .debug_pubnames
                0x00000542       0x1e c:/altera/13.0sp1/nios2eds/bin/gnu/h-i686-mingw32/bin/../lib/gcc/nios2-elf/4.1.2/../../../../nios2-elf/lib/mno-hw-mul\libc.a(lib_a-readr.o)
 .debug_pubnames
                0x00000560       0x1f c:/altera/13.0sp1/nios2eds/bin/gnu/h-i686-mingw32/bin/../lib/gcc/nios2-elf/4.1.2/mno-hw-mul\libgcc.a(lib2-mul.o)
 .debug_pubnames
                0x0000057f       0x1c ../vectadd_bsp/\libhal_bsp.a(alt_close.o)
 .debug_pubnames
                0x0000059b       0x63 ../vectadd_bsp/\libhal_bsp.a(alt_dev.o)
 .debug_pubnames
                0x000005fe       0x20 ../vectadd_bsp/\libhal_bsp.a(alt_errno.o)
 .debug_pubnames
                0x0000061e       0x1c ../vectadd_bsp/\libhal_bsp.a(alt_fstat.o)
 .debug_pubnames
                0x0000063a       0x1d ../vectadd_bsp/\libhal_bsp.a(alt_isatty.o)
 .debug_pubnames
                0x00000657       0x1f ../vectadd_bsp/\libhal_bsp.a(alt_load.o)
 .debug_pubnames
                0x00000676       0x1c ../vectadd_bsp/\libhal_bsp.a(alt_lseek.o)
 .debug_pubnames
                0x00000692       0x46 ../vectadd_bsp/\libhal_bsp.a(alt_main.o)
 .debug_pubnames
                0x000006d8       0x38 ../vectadd_bsp/\libhal_bsp.a(alt_malloc_lock.o)
 .debug_pubnames
                0x00000710       0x1b ../vectadd_bsp/\libhal_bsp.a(alt_read.o)
 .debug_pubnames
                0x0000072b       0x25 ../vectadd_bsp/\libhal_bsp.a(alt_release_fd.o)
 .debug_pubnames
                0x00000750       0x1b ../vectadd_bsp/\libhal_bsp.a(alt_sbrk.o)
 .debug_pubnames
                0x0000076b       0x1c ../vectadd_bsp/\libhal_bsp.a(alt_write.o)
 .debug_pubnames
                0x00000787       0x34 ../vectadd_bsp/\libhal_bsp.a(alt_sys_init.o)
 .debug_pubnames
                0x000007bb       0xa5 ../vectadd_bsp/\libhal_bsp.a(altera_avalon_jtag_uart_fd.o)
 .debug_pubnames
                0x00000860       0x55 ../vectadd_bsp/\libhal_bsp.a(altera_avalon_jtag_uart_init.o)
 .debug_pubnames
                0x000008b5       0x34 ../vectadd_bsp/\libhal_bsp.a(altera_avalon_jtag_uart_ioctl.o)
 .debug_pubnames
                0x000008e9       0x33 ../vectadd_bsp/\libhal_bsp.a(altera_avalon_jtag_uart_read.o)
 .debug_pubnames
                0x0000091c       0x34 ../vectadd_bsp/\libhal_bsp.a(altera_avalon_jtag_uart_write.o)
 .debug_pubnames
                0x00000950       0x26 ../vectadd_bsp/\libhal_bsp.a(alt_alarm_start.o)
 .debug_pubnames
                0x00000976       0x2b ../vectadd_bsp/\libhal_bsp.a(alt_dcache_flush_all.o)
 .debug_pubnames
                0x000009a1       0x2b ../vectadd_bsp/\libhal_bsp.a(alt_dev_llist_insert.o)
 .debug_pubnames
                0x000009cc       0x20 ../vectadd_bsp/\libhal_bsp.a(alt_do_ctors.o)
 .debug_pubnames
                0x000009ec       0x20 ../vectadd_bsp/\libhal_bsp.a(alt_do_dtors.o)
 .debug_pubnames
                0x00000a0c       0x2b ../vectadd_bsp/\libhal_bsp.a(alt_icache_flush_all.o)
 .debug_pubnames
                0x00000a37       0x6e ../vectadd_bsp/\libhal_bsp.a(alt_iic.o)
 .debug_pubnames
                0x00000aa5       0x2b ../vectadd_bsp/\libhal_bsp.a(alt_iic_isr_register.o)
 .debug_pubnames
                0x00000ad0       0x26 ../vectadd_bsp/\libhal_bsp.a(alt_io_redirect.o)
 .debug_pubnames
                0x00000af6       0x32 ../vectadd_bsp/\libhal_bsp.a(alt_irq_handler.o)
 .debug_pubnames
                0x00000b28       0x3b ../vectadd_bsp/\libhal_bsp.a(alt_irq_vars.o)
 .debug_pubnames
                0x00000b63       0x1b ../vectadd_bsp/\libhal_bsp.a(alt_open.o)
 .debug_pubnames
                0x00000b7e       0x68 ../vectadd_bsp/\libhal_bsp.a(alt_tick.o)
 .debug_pubnames
                0x00000be6       0x31 ../vectadd_bsp/\libhal_bsp.a(altera_nios2_qsys_irq.o)
 .debug_pubnames
                0x00000c17       0x23 ../vectadd_bsp/\libhal_bsp.a(alt_find_dev.o)
 .debug_pubnames
                0x00000c3a       0x24 ../vectadd_bsp/\libhal_bsp.a(alt_find_file.o)
 .debug_pubnames
                0x00000c5e       0x21 ../vectadd_bsp/\libhal_bsp.a(alt_get_fd.o)
 .debug_pubnames
                0x00000c7f       0x2a c:/altera/13.0sp1/nios2eds/bin/gnu/h-i686-mingw32/bin/../lib/gcc/nios2-elf/4.1.2/../../../../nios2-elf/lib/mno-hw-mul\libc.a(lib_a-atexit.o)
 .debug_pubnames
                0x00000ca9       0x1b c:/altera/13.0sp1/nios2eds/bin/gnu/h-i686-mingw32/bin/../lib/gcc/nios2-elf/4.1.2/../../../../nios2-elf/lib/mno-hw-mul\libc.a(lib_a-exit.o)
 .debug_pubnames
                0x00000cc4       0x1d c:/altera/13.0sp1/nios2eds/bin/gnu/h-i686-mingw32/bin/../lib/gcc/nios2-elf/4.1.2/../../../../nios2-elf/lib/mno-hw-mul\libc.a(lib_a-memcmp.o)
 .debug_pubnames
                0x00000ce1       0x2a c:/altera/13.0sp1/nios2eds/bin/gnu/h-i686-mingw32/bin/../lib/gcc/nios2-elf/4.1.2/../../../../nios2-elf/lib/mno-hw-mul\libc.a(lib_a-__atexit.o)
 .debug_pubnames
                0x00000d0b       0x27 c:/altera/13.0sp1/nios2eds/bin/gnu/h-i686-mingw32/bin/../lib/gcc/nios2-elf/4.1.2/../../../../nios2-elf/lib/mno-hw-mul\libc.a(lib_a-__call_atexit.o)
 .debug_pubnames
                0x00000d32       0x1c ../vectadd_bsp/\libhal_bsp.a(alt_exit.o)

.debug_info     0x00000000    0x19aff
 *(.debug_info .gnu.linkonce.wi.*)
 .debug_info    0x00000000       0x66 ../vectadd_bsp//obj/HAL/src/crt0.o
 .debug_info    0x00000066      0x1b5 obj/default/main.o
 .debug_info    0x0000021b      0x96e c:/altera/13.0sp1/nios2eds/bin/gnu/h-i686-mingw32/bin/../lib/gcc/nios2-elf/4.1.2/../../../../nios2-elf/lib/mno-hw-mul\libc.a(lib_a-malloc.o)
 .debug_info    0x00000b89      0xcd0 c:/altera/13.0sp1/nios2eds/bin/gnu/h-i686-mingw32/bin/../lib/gcc/nios2-elf/4.1.2/../../../../nios2-elf/lib/mno-hw-mul\libc.a(lib_a-mallocr.o)
 .debug_info    0x00001859      0xa25 c:/altera/13.0sp1/nios2eds/bin/gnu/h-i686-mingw32/bin/../lib/gcc/nios2-elf/4.1.2/../../../../nios2-elf/lib/mno-hw-mul\libc.a(lib_a-puts.o)
 .debug_info    0x0000227e      0x962 c:/altera/13.0sp1/nios2eds/bin/gnu/h-i686-mingw32/bin/../lib/gcc/nios2-elf/4.1.2/../../../../nios2-elf/lib/mno-hw-mul\libc.a(lib_a-sbrkr.o)
 .debug_info    0x00002be0       0xdb c:/altera/13.0sp1/nios2eds/bin/gnu/h-i686-mingw32/bin/../lib/gcc/nios2-elf/4.1.2/../../../../nios2-elf/lib/mno-hw-mul\libc.a(lib_a-strlen.o)
 .debug_info    0x00002cbb      0xbc9 c:/altera/13.0sp1/nios2eds/bin/gnu/h-i686-mingw32/bin/../lib/gcc/nios2-elf/4.1.2/../../../../nios2-elf/lib/mno-hw-mul\libc.a(lib_a-freer.o)
 .debug_info    0x00003884      0xa88 c:/altera/13.0sp1/nios2eds/bin/gnu/h-i686-mingw32/bin/../lib/gcc/nios2-elf/4.1.2/../../../../nios2-elf/lib/mno-hw-mul\libc.a(lib_a-fvwrite.o)
 .debug_info    0x0000430c      0x93d c:/altera/13.0sp1/nios2eds/bin/gnu/h-i686-mingw32/bin/../lib/gcc/nios2-elf/4.1.2/../../../../nios2-elf/lib/mno-hw-mul\libc.a(lib_a-impure.o)
 .debug_info    0x00004c49       0x8c c:/altera/13.0sp1/nios2eds/bin/gnu/h-i686-mingw32/bin/../lib/gcc/nios2-elf/4.1.2/../../../../nios2-elf/lib/mno-hw-mul\libc.a(lib_a-int_errno.o)
 .debug_info    0x00004cd5      0x138 c:/altera/13.0sp1/nios2eds/bin/gnu/h-i686-mingw32/bin/../lib/gcc/nios2-elf/4.1.2/../../../../nios2-elf/lib/mno-hw-mul\libc.a(lib_a-memchr.o)
 .debug_info    0x00004e0d      0x106 c:/altera/13.0sp1/nios2eds/bin/gnu/h-i686-mingw32/bin/../lib/gcc/nios2-elf/4.1.2/../../../../nios2-elf/lib/mno-hw-mul\libc.a(lib_a-memcpy.o)
 .debug_info    0x00004f13      0x13e c:/altera/13.0sp1/nios2eds/bin/gnu/h-i686-mingw32/bin/../lib/gcc/nios2-elf/4.1.2/../../../../nios2-elf/lib/mno-hw-mul\libc.a(lib_a-memmove.o)
 .debug_info    0x00005051      0xbd7 c:/altera/13.0sp1/nios2eds/bin/gnu/h-i686-mingw32/bin/../lib/gcc/nios2-elf/4.1.2/../../../../nios2-elf/lib/mno-hw-mul\libc.a(lib_a-reallocr.o)
 .debug_info    0x00005c28      0x95d c:/altera/13.0sp1/nios2eds/bin/gnu/h-i686-mingw32/bin/../lib/gcc/nios2-elf/4.1.2/../../../../nios2-elf/lib/mno-hw-mul\libc.a(lib_a-wsetup.o)
 .debug_info    0x00006585      0x9fe c:/altera/13.0sp1/nios2eds/bin/gnu/h-i686-mingw32/bin/../lib/gcc/nios2-elf/4.1.2/../../../../nios2-elf/lib/mno-hw-mul\libc.a(lib_a-fflush.o)
 .debug_info    0x00006f83      0xb72 c:/altera/13.0sp1/nios2eds/bin/gnu/h-i686-mingw32/bin/../lib/gcc/nios2-elf/4.1.2/../../../../nios2-elf/lib/mno-hw-mul\libc.a(lib_a-findfp.o)
 .debug_info    0x00007af5      0xaed c:/altera/13.0sp1/nios2eds/bin/gnu/h-i686-mingw32/bin/../lib/gcc/nios2-elf/4.1.2/../../../../nios2-elf/lib/mno-hw-mul\libc.a(lib_a-fwalk.o)
 .debug_info    0x000085e2      0xb1a c:/altera/13.0sp1/nios2eds/bin/gnu/h-i686-mingw32/bin/../lib/gcc/nios2-elf/4.1.2/../../../../nios2-elf/lib/mno-hw-mul\libc.a(lib_a-makebuf.o)
 .debug_info    0x000090fc      0x113 c:/altera/13.0sp1/nios2eds/bin/gnu/h-i686-mingw32/bin/../lib/gcc/nios2-elf/4.1.2/../../../../nios2-elf/lib/mno-hw-mul\libc.a(lib_a-memset.o)
 .debug_info    0x0000920f      0xaac c:/altera/13.0sp1/nios2eds/bin/gnu/h-i686-mingw32/bin/../lib/gcc/nios2-elf/4.1.2/../../../../nios2-elf/lib/mno-hw-mul\libc.a(lib_a-stdio.o)
 .debug_info    0x00009cbb      0x993 c:/altera/13.0sp1/nios2eds/bin/gnu/h-i686-mingw32/bin/../lib/gcc/nios2-elf/4.1.2/../../../../nios2-elf/lib/mno-hw-mul\libc.a(lib_a-writer.o)
 .debug_info    0x0000a64e      0x958 c:/altera/13.0sp1/nios2eds/bin/gnu/h-i686-mingw32/bin/../lib/gcc/nios2-elf/4.1.2/../../../../nios2-elf/lib/mno-hw-mul\libc.a(lib_a-closer.o)
 .debug_info    0x0000afa6      0x994 c:/altera/13.0sp1/nios2eds/bin/gnu/h-i686-mingw32/bin/../lib/gcc/nios2-elf/4.1.2/../../../../nios2-elf/lib/mno-hw-mul\libc.a(lib_a-fclose.o)
 .debug_info    0x0000b93a      0xafc c:/altera/13.0sp1/nios2eds/bin/gnu/h-i686-mingw32/bin/../lib/gcc/nios2-elf/4.1.2/../../../../nios2-elf/lib/mno-hw-mul\libc.a(lib_a-fstatr.o)
 .debug_info    0x0000c436      0x958 c:/altera/13.0sp1/nios2eds/bin/gnu/h-i686-mingw32/bin/../lib/gcc/nios2-elf/4.1.2/../../../../nios2-elf/lib/mno-hw-mul\libc.a(lib_a-isattyr.o)
 .debug_info    0x0000cd8e      0x981 c:/altera/13.0sp1/nios2eds/bin/gnu/h-i686-mingw32/bin/../lib/gcc/nios2-elf/4.1.2/../../../../nios2-elf/lib/mno-hw-mul\libc.a(lib_a-lseekr.o)
 .debug_info    0x0000d70f      0x98c c:/altera/13.0sp1/nios2eds/bin/gnu/h-i686-mingw32/bin/../lib/gcc/nios2-elf/4.1.2/../../../../nios2-elf/lib/mno-hw-mul\libc.a(lib_a-readr.o)
 .debug_info    0x0000e09b       0xf3 c:/altera/13.0sp1/nios2eds/bin/gnu/h-i686-mingw32/bin/../lib/gcc/nios2-elf/4.1.2/mno-hw-mul\libgcc.a(lib2-mul.o)
 .debug_info    0x0000e18e      0x452 ../vectadd_bsp/\libhal_bsp.a(alt_close.o)
 .debug_info    0x0000e5e0      0x66a ../vectadd_bsp/\libhal_bsp.a(alt_dev.o)
 .debug_info    0x0000ec4a      0x14f ../vectadd_bsp/\libhal_bsp.a(alt_errno.o)
 .debug_info    0x0000ed99      0x64b ../vectadd_bsp/\libhal_bsp.a(alt_fstat.o)
 .debug_info    0x0000f3e4      0x651 ../vectadd_bsp/\libhal_bsp.a(alt_isatty.o)
 .debug_info    0x0000fa35      0x278 ../vectadd_bsp/\libhal_bsp.a(alt_load.o)
 .debug_info    0x0000fcad      0x485 ../vectadd_bsp/\libhal_bsp.a(alt_lseek.o)
 .debug_info    0x00010132      0x210 ../vectadd_bsp/\libhal_bsp.a(alt_main.o)
 .debug_info    0x00010342      0xc03 ../vectadd_bsp/\libhal_bsp.a(alt_malloc_lock.o)
 .debug_info    0x00010f45      0x675 ../vectadd_bsp/\libhal_bsp.a(alt_read.o)
 .debug_info    0x000115ba      0x3dd ../vectadd_bsp/\libhal_bsp.a(alt_release_fd.o)
 .debug_info    0x00011997      0x2a2 ../vectadd_bsp/\libhal_bsp.a(alt_sbrk.o)
 .debug_info    0x00011c39      0x67e ../vectadd_bsp/\libhal_bsp.a(alt_write.o)
 .debug_info    0x000122b7      0x6c3 ../vectadd_bsp/\libhal_bsp.a(alt_sys_init.o)
 .debug_info    0x0001297a      0x7c4 ../vectadd_bsp/\libhal_bsp.a(altera_avalon_jtag_uart_fd.o)
 .debug_info    0x0001313e      0x5ec ../vectadd_bsp/\libhal_bsp.a(altera_avalon_jtag_uart_init.o)
 .debug_info    0x0001372a      0x42e ../vectadd_bsp/\libhal_bsp.a(altera_avalon_jtag_uart_ioctl.o)
 .debug_info    0x00013b58      0x531 ../vectadd_bsp/\libhal_bsp.a(altera_avalon_jtag_uart_read.o)
 .debug_info    0x00014089      0x529 ../vectadd_bsp/\libhal_bsp.a(altera_avalon_jtag_uart_write.o)
 .debug_info    0x000145b2      0x42d ../vectadd_bsp/\libhal_bsp.a(alt_alarm_start.o)
 .debug_info    0x000149df      0x147 ../vectadd_bsp/\libhal_bsp.a(alt_dcache_flush_all.o)
 .debug_info    0x00014b26      0x2a2 ../vectadd_bsp/\libhal_bsp.a(alt_dev_llist_insert.o)
 .debug_info    0x00014dc8       0xfa ../vectadd_bsp/\libhal_bsp.a(alt_do_ctors.o)
 .debug_info    0x00014ec2       0xf9 ../vectadd_bsp/\libhal_bsp.a(alt_do_dtors.o)
 .debug_info    0x00014fbb      0x147 ../vectadd_bsp/\libhal_bsp.a(alt_icache_flush_all.o)
 .debug_info    0x00015102      0x47e ../vectadd_bsp/\libhal_bsp.a(alt_iic.o)
 .debug_info    0x00015580      0x2ff ../vectadd_bsp/\libhal_bsp.a(alt_iic_isr_register.o)
 .debug_info    0x0001587f      0x680 ../vectadd_bsp/\libhal_bsp.a(alt_io_redirect.o)
 .debug_info    0x00015eff       0x6f ../vectadd_bsp/\libhal_bsp.a(alt_irq_entry.o)
 .debug_info    0x00015f6e      0x260 ../vectadd_bsp/\libhal_bsp.a(alt_irq_handler.o)
 .debug_info    0x000161ce      0x152 ../vectadd_bsp/\libhal_bsp.a(alt_irq_vars.o)
 .debug_info    0x00016320      0x510 ../vectadd_bsp/\libhal_bsp.a(alt_open.o)
 .debug_info    0x00016830      0x3e9 ../vectadd_bsp/\libhal_bsp.a(alt_tick.o)
 .debug_info    0x00016c19      0x14e ../vectadd_bsp/\libhal_bsp.a(altera_nios2_qsys_irq.o)
 .debug_info    0x00016d67       0x75 ../vectadd_bsp/\libhal_bsp.a(alt_exception_entry.o)
 .debug_info    0x00016ddc      0x403 ../vectadd_bsp/\libhal_bsp.a(alt_find_dev.o)
 .debug_info    0x000171df      0x40a ../vectadd_bsp/\libhal_bsp.a(alt_find_file.o)
 .debug_info    0x000175e9      0x44b ../vectadd_bsp/\libhal_bsp.a(alt_get_fd.o)
 .debug_info    0x00017a34      0x181 c:/altera/13.0sp1/nios2eds/bin/gnu/h-i686-mingw32/bin/../lib/gcc/nios2-elf/4.1.2/../../../../nios2-elf/lib/mno-hw-mul\libc.a(lib_a-atexit.o)
 .debug_info    0x00017bb5      0x93f c:/altera/13.0sp1/nios2eds/bin/gnu/h-i686-mingw32/bin/../lib/gcc/nios2-elf/4.1.2/../../../../nios2-elf/lib/mno-hw-mul\libc.a(lib_a-exit.o)
 .debug_info    0x000184f4      0x115 c:/altera/13.0sp1/nios2eds/bin/gnu/h-i686-mingw32/bin/../lib/gcc/nios2-elf/4.1.2/../../../../nios2-elf/lib/mno-hw-mul\libc.a(lib_a-memcmp.o)
 .debug_info    0x00018609      0x99c c:/altera/13.0sp1/nios2eds/bin/gnu/h-i686-mingw32/bin/../lib/gcc/nios2-elf/4.1.2/../../../../nios2-elf/lib/mno-hw-mul\libc.a(lib_a-__atexit.o)
 .debug_info    0x00018fa5      0x9e2 c:/altera/13.0sp1/nios2eds/bin/gnu/h-i686-mingw32/bin/../lib/gcc/nios2-elf/4.1.2/../../../../nios2-elf/lib/mno-hw-mul\libc.a(lib_a-__call_atexit.o)
 .debug_info    0x00019987      0x178 ../vectadd_bsp/\libhal_bsp.a(alt_exit.o)

.debug_abbrev   0x00000000     0x4f91
 *(.debug_abbrev)
 .debug_abbrev  0x00000000       0x12 ../vectadd_bsp//obj/HAL/src/crt0.o
 .debug_abbrev  0x00000012       0x7d obj/default/main.o
 .debug_abbrev  0x0000008f      0x187 c:/altera/13.0sp1/nios2eds/bin/gnu/h-i686-mingw32/bin/../lib/gcc/nios2-elf/4.1.2/../../../../nios2-elf/lib/mno-hw-mul\libc.a(lib_a-malloc.o)
 .debug_abbrev  0x00000216      0x216 c:/altera/13.0sp1/nios2eds/bin/gnu/h-i686-mingw32/bin/../lib/gcc/nios2-elf/4.1.2/../../../../nios2-elf/lib/mno-hw-mul\libc.a(lib_a-mallocr.o)
 .debug_abbrev  0x0000042c      0x1ac c:/altera/13.0sp1/nios2eds/bin/gnu/h-i686-mingw32/bin/../lib/gcc/nios2-elf/4.1.2/../../../../nios2-elf/lib/mno-hw-mul\libc.a(lib_a-puts.o)
 .debug_abbrev  0x000005d8      0x18c c:/altera/13.0sp1/nios2eds/bin/gnu/h-i686-mingw32/bin/../lib/gcc/nios2-elf/4.1.2/../../../../nios2-elf/lib/mno-hw-mul\libc.a(lib_a-sbrkr.o)
 .debug_abbrev  0x00000764       0x8b c:/altera/13.0sp1/nios2eds/bin/gnu/h-i686-mingw32/bin/../lib/gcc/nios2-elf/4.1.2/../../../../nios2-elf/lib/mno-hw-mul\libc.a(lib_a-strlen.o)
 .debug_abbrev  0x000007ef      0x1d9 c:/altera/13.0sp1/nios2eds/bin/gnu/h-i686-mingw32/bin/../lib/gcc/nios2-elf/4.1.2/../../../../nios2-elf/lib/mno-hw-mul\libc.a(lib_a-freer.o)
 .debug_abbrev  0x000009c8      0x1a3 c:/altera/13.0sp1/nios2eds/bin/gnu/h-i686-mingw32/bin/../lib/gcc/nios2-elf/4.1.2/../../../../nios2-elf/lib/mno-hw-mul\libc.a(lib_a-fvwrite.o)
 .debug_abbrev  0x00000b6b      0x157 c:/altera/13.0sp1/nios2eds/bin/gnu/h-i686-mingw32/bin/../lib/gcc/nios2-elf/4.1.2/../../../../nios2-elf/lib/mno-hw-mul\libc.a(lib_a-impure.o)
 .debug_abbrev  0x00000cc2       0x3b c:/altera/13.0sp1/nios2eds/bin/gnu/h-i686-mingw32/bin/../lib/gcc/nios2-elf/4.1.2/../../../../nios2-elf/lib/mno-hw-mul\libc.a(lib_a-int_errno.o)
 .debug_abbrev  0x00000cfd       0xb5 c:/altera/13.0sp1/nios2eds/bin/gnu/h-i686-mingw32/bin/../lib/gcc/nios2-elf/4.1.2/../../../../nios2-elf/lib/mno-hw-mul\libc.a(lib_a-memchr.o)
 .debug_abbrev  0x00000db2       0xb5 c:/altera/13.0sp1/nios2eds/bin/gnu/h-i686-mingw32/bin/../lib/gcc/nios2-elf/4.1.2/../../../../nios2-elf/lib/mno-hw-mul\libc.a(lib_a-memcpy.o)
 .debug_abbrev  0x00000e67       0xb5 c:/altera/13.0sp1/nios2eds/bin/gnu/h-i686-mingw32/bin/../lib/gcc/nios2-elf/4.1.2/../../../../nios2-elf/lib/mno-hw-mul\libc.a(lib_a-memmove.o)
 .debug_abbrev  0x00000f1c      0x1c3 c:/altera/13.0sp1/nios2eds/bin/gnu/h-i686-mingw32/bin/../lib/gcc/nios2-elf/4.1.2/../../../../nios2-elf/lib/mno-hw-mul\libc.a(lib_a-reallocr.o)
 .debug_abbrev  0x000010df      0x170 c:/altera/13.0sp1/nios2eds/bin/gnu/h-i686-mingw32/bin/../lib/gcc/nios2-elf/4.1.2/../../../../nios2-elf/lib/mno-hw-mul\libc.a(lib_a-wsetup.o)
 .debug_abbrev  0x0000124f      0x1c6 c:/altera/13.0sp1/nios2eds/bin/gnu/h-i686-mingw32/bin/../lib/gcc/nios2-elf/4.1.2/../../../../nios2-elf/lib/mno-hw-mul\libc.a(lib_a-fflush.o)
 .debug_abbrev  0x00001415      0x24c c:/altera/13.0sp1/nios2eds/bin/gnu/h-i686-mingw32/bin/../lib/gcc/nios2-elf/4.1.2/../../../../nios2-elf/lib/mno-hw-mul\libc.a(lib_a-findfp.o)
 .debug_abbrev  0x00001661      0x1e3 c:/altera/13.0sp1/nios2eds/bin/gnu/h-i686-mingw32/bin/../lib/gcc/nios2-elf/4.1.2/../../../../nios2-elf/lib/mno-hw-mul\libc.a(lib_a-fwalk.o)
 .debug_abbrev  0x00001844      0x197 c:/altera/13.0sp1/nios2eds/bin/gnu/h-i686-mingw32/bin/../lib/gcc/nios2-elf/4.1.2/../../../../nios2-elf/lib/mno-hw-mul\libc.a(lib_a-makebuf.o)
 .debug_abbrev  0x000019db       0xb8 c:/altera/13.0sp1/nios2eds/bin/gnu/h-i686-mingw32/bin/../lib/gcc/nios2-elf/4.1.2/../../../../nios2-elf/lib/mno-hw-mul\libc.a(lib_a-memset.o)
 .debug_abbrev  0x00001a93      0x1c9 c:/altera/13.0sp1/nios2eds/bin/gnu/h-i686-mingw32/bin/../lib/gcc/nios2-elf/4.1.2/../../../../nios2-elf/lib/mno-hw-mul\libc.a(lib_a-stdio.o)
 .debug_abbrev  0x00001c5c      0x184 c:/altera/13.0sp1/nios2eds/bin/gnu/h-i686-mingw32/bin/../lib/gcc/nios2-elf/4.1.2/../../../../nios2-elf/lib/mno-hw-mul\libc.a(lib_a-writer.o)
 .debug_abbrev  0x00001de0      0x17f c:/altera/13.0sp1/nios2eds/bin/gnu/h-i686-mingw32/bin/../lib/gcc/nios2-elf/4.1.2/../../../../nios2-elf/lib/mno-hw-mul\libc.a(lib_a-closer.o)
 .debug_abbrev  0x00001f5f      0x1a7 c:/altera/13.0sp1/nios2eds/bin/gnu/h-i686-mingw32/bin/../lib/gcc/nios2-elf/4.1.2/../../../../nios2-elf/lib/mno-hw-mul\libc.a(lib_a-fclose.o)
 .debug_abbrev  0x00002106      0x18e c:/altera/13.0sp1/nios2eds/bin/gnu/h-i686-mingw32/bin/../lib/gcc/nios2-elf/4.1.2/../../../../nios2-elf/lib/mno-hw-mul\libc.a(lib_a-fstatr.o)
 .debug_abbrev  0x00002294      0x17f c:/altera/13.0sp1/nios2eds/bin/gnu/h-i686-mingw32/bin/../lib/gcc/nios2-elf/4.1.2/../../../../nios2-elf/lib/mno-hw-mul\libc.a(lib_a-isattyr.o)
 .debug_abbrev  0x00002413      0x18e c:/altera/13.0sp1/nios2eds/bin/gnu/h-i686-mingw32/bin/../lib/gcc/nios2-elf/4.1.2/../../../../nios2-elf/lib/mno-hw-mul\libc.a(lib_a-lseekr.o)
 .debug_abbrev  0x000025a1      0x17f c:/altera/13.0sp1/nios2eds/bin/gnu/h-i686-mingw32/bin/../lib/gcc/nios2-elf/4.1.2/../../../../nios2-elf/lib/mno-hw-mul\libc.a(lib_a-readr.o)
 .debug_abbrev  0x00002720       0x7b c:/altera/13.0sp1/nios2eds/bin/gnu/h-i686-mingw32/bin/../lib/gcc/nios2-elf/4.1.2/mno-hw-mul\libgcc.a(lib2-mul.o)
 .debug_abbrev  0x0000279b       0xfb ../vectadd_bsp/\libhal_bsp.a(alt_close.o)
 .debug_abbrev  0x00002896       0xc7 ../vectadd_bsp/\libhal_bsp.a(alt_dev.o)
 .debug_abbrev  0x0000295d       0x5e ../vectadd_bsp/\libhal_bsp.a(alt_errno.o)
 .debug_abbrev  0x000029bb       0xfb ../vectadd_bsp/\libhal_bsp.a(alt_fstat.o)
 .debug_abbrev  0x00002ab6       0xfb ../vectadd_bsp/\libhal_bsp.a(alt_isatty.o)
 .debug_abbrev  0x00002bb1       0x88 ../vectadd_bsp/\libhal_bsp.a(alt_load.o)
 .debug_abbrev  0x00002c39       0xfb ../vectadd_bsp/\libhal_bsp.a(alt_lseek.o)
 .debug_abbrev  0x00002d34       0xb7 ../vectadd_bsp/\libhal_bsp.a(alt_main.o)
 .debug_abbrev  0x00002deb      0x181 ../vectadd_bsp/\libhal_bsp.a(alt_malloc_lock.o)
 .debug_abbrev  0x00002f6c       0xfb ../vectadd_bsp/\libhal_bsp.a(alt_read.o)
 .debug_abbrev  0x00003067       0xc1 ../vectadd_bsp/\libhal_bsp.a(alt_release_fd.o)
 .debug_abbrev  0x00003128      0x115 ../vectadd_bsp/\libhal_bsp.a(alt_sbrk.o)
 .debug_abbrev  0x0000323d      0x100 ../vectadd_bsp/\libhal_bsp.a(alt_write.o)
 .debug_abbrev  0x0000333d      0x142 ../vectadd_bsp/\libhal_bsp.a(alt_sys_init.o)
 .debug_abbrev  0x0000347f       0xf7 ../vectadd_bsp/\libhal_bsp.a(altera_avalon_jtag_uart_fd.o)
 .debug_abbrev  0x00003576      0x17c ../vectadd_bsp/\libhal_bsp.a(altera_avalon_jtag_uart_init.o)
 .debug_abbrev  0x000036f2       0xf0 ../vectadd_bsp/\libhal_bsp.a(altera_avalon_jtag_uart_ioctl.o)
 .debug_abbrev  0x000037e2      0x191 ../vectadd_bsp/\libhal_bsp.a(altera_avalon_jtag_uart_read.o)
 .debug_abbrev  0x00003973      0x18d ../vectadd_bsp/\libhal_bsp.a(altera_avalon_jtag_uart_write.o)
 .debug_abbrev  0x00003b00      0x172 ../vectadd_bsp/\libhal_bsp.a(alt_alarm_start.o)
 .debug_abbrev  0x00003c72       0x3f ../vectadd_bsp/\libhal_bsp.a(alt_dcache_flush_all.o)
 .debug_abbrev  0x00003cb1       0xf6 ../vectadd_bsp/\libhal_bsp.a(alt_dev_llist_insert.o)
 .debug_abbrev  0x00003da7       0x76 ../vectadd_bsp/\libhal_bsp.a(alt_do_ctors.o)
 .debug_abbrev  0x00003e1d       0x76 ../vectadd_bsp/\libhal_bsp.a(alt_do_dtors.o)
 .debug_abbrev  0x00003e93       0x3f ../vectadd_bsp/\libhal_bsp.a(alt_icache_flush_all.o)
 .debug_abbrev  0x00003ed2      0x134 ../vectadd_bsp/\libhal_bsp.a(alt_iic.o)
 .debug_abbrev  0x00004006      0x14e ../vectadd_bsp/\libhal_bsp.a(alt_iic_isr_register.o)
 .debug_abbrev  0x00004154       0xf0 ../vectadd_bsp/\libhal_bsp.a(alt_io_redirect.o)
 .debug_abbrev  0x00004244       0x12 ../vectadd_bsp/\libhal_bsp.a(alt_irq_entry.o)
 .debug_abbrev  0x00004256      0x10c ../vectadd_bsp/\libhal_bsp.a(alt_irq_handler.o)